Simulator report for MealyFSM
Fri Oct 09 13:19:07 2020
Quartus II 64-Bit Version 13.0.1 Build 232 06/12/2013 Service Pack 1 SJ Web Edition


---------------------
; Table of Contents ;
---------------------
  1. Legal Notice
  2. Simulator Summary
  3. Simulator Settings
  4. Simulation Waveforms
  5. Coverage Summary
  6. Complete 1/0-Value Coverage
  7. Missing 1-Value Coverage
  8. Missing 0-Value Coverage
  9. Simulator INI Usage
 10. Simulator Messages



----------------
; Legal Notice ;
----------------
Copyright (C) 1991-2013 Altera Corporation
Your use of Altera Corporation's design tools, logic functions 
and other software and tools, and its AMPP partner logic 
functions, and any output files from any of the foregoing 
(including device programming or simulation files), and any 
associated documentation or information are expressly subject 
to the terms and conditions of the Altera Program License 
Subscription Agreement, Altera MegaCore Function License 
Agreement, or other applicable license agreement, including, 
without limitation, that your use is for the sole purpose of 
programming logic devices manufactured by Altera and sold by 
Altera or its authorized distributors.  Please refer to the 
applicable agreement for further details.



+--------------------------------------------+
; Simulator Summary                          ;
+-----------------------------+--------------+
; Type                        ; Value        ;
+-----------------------------+--------------+
; Simulation Start Time       ; 0 ps         ;
; Simulation End Time         ; 1.0 us       ;
; Simulation Netlist Size     ; 309 nodes    ;
; Simulation Coverage         ;      71.84 % ;
; Total Number of Transitions ; 2726         ;
; Simulation Breakpoints      ; 0            ;
; Family                      ; Cyclone II   ;
+-----------------------------+--------------+


+-----------------------------------------------------------------------------------------------------------------------------------------------------+
; Simulator Settings                                                                                                                                  ;
+--------------------------------------------------------------------------------------------+----------------------------------------+---------------+
; Option                                                                                     ; Setting                                ; Default Value ;
+--------------------------------------------------------------------------------------------+----------------------------------------+---------------+
; Simulation mode                                                                            ; Functional                             ; Timing        ;
; Start time                                                                                 ; 0 ns                                   ; 0 ns          ;
; Simulation results format                                                                  ; VWF                                    ;               ;
; Vector input source                                                                        ; F:/VerilogHDL/Lab2/Mealy/Waveform1.vwf ;               ;
; Add pins automatically to simulation output waveforms                                      ; On                                     ; On            ;
; Check outputs                                                                              ; Off                                    ; Off           ;
; Report simulation coverage                                                                 ; On                                     ; On            ;
; Display complete 1/0 value coverage report                                                 ; On                                     ; On            ;
; Display missing 1-value coverage report                                                    ; On                                     ; On            ;
; Display missing 0-value coverage report                                                    ; On                                     ; On            ;
; Detect setup and hold time violations                                                      ; Off                                    ; Off           ;
; Detect glitches                                                                            ; Off                                    ; Off           ;
; Disable timing delays in Timing Simulation                                                 ; Off                                    ; Off           ;
; Generate Signal Activity File                                                              ; Off                                    ; Off           ;
; Generate VCD File for PowerPlay Power Analyzer                                             ; Off                                    ; Off           ;
; Group bus channels in simulation results                                                   ; Off                                    ; Off           ;
; Preserve fewer signal transitions to reduce memory requirements                            ; On                                     ; On            ;
; Trigger vector comparison with the specified mode                                          ; INPUT_EDGE                             ; INPUT_EDGE    ;
; Disable setup and hold time violations detection in input registers of bi-directional pins ; Off                                    ; Off           ;
; Overwrite Waveform Inputs With Simulation Outputs                                          ; Off                                    ;               ;
; Perform Glitch Filtering in Timing Simulation                                              ; Auto                                   ; Auto          ;
+--------------------------------------------------------------------------------------------+----------------------------------------+---------------+


+----------------------+
; Simulation Waveforms ;
+----------------------+
Waveform report data cannot be output to ASCII.
Please use Quartus II 64-Bit to view the waveform report data.


+--------------------------------------------------------------------+
; Coverage Summary                                                   ;
+-----------------------------------------------------+--------------+
; Type                                                ; Value        ;
+-----------------------------------------------------+--------------+
; Total coverage as a percentage                      ;      71.84 % ;
; Total nodes checked                                 ; 309          ;
; Total output ports checked                          ; 309          ;
; Total output ports with complete 1/0-value coverage ; 222          ;
; Total output ports with no 1/0-value coverage       ; 87           ;
; Total output ports with no 1-value coverage         ; 87           ;
; Total output ports with no 0-value coverage         ; 87           ;
+-----------------------------------------------------+--------------+


The following table displays output ports that toggle between 1 and 0 during simulation.
+--------------------------------------------------------------------------------------------------------------------------------------------------------------------------------------------------------+
; Complete 1/0-Value Coverage                                                                                                                                                                            ;
+------------------------------------------------------------------------------------------+------------------------------------------------------------------------------------------+------------------+
; Node Name                                                                                ; Output Port Name                                                                         ; Output Port Type ;
+------------------------------------------------------------------------------------------+------------------------------------------------------------------------------------------+------------------+
; |MealyFSM|clk                                                                            ; |MealyFSM|clk                                                                            ; out              ;
; |MealyFSM|MealyFSM_i[0]                                                                  ; |MealyFSM|MealyFSM_i[0]                                                                  ; out              ;
; |MealyFSM|MealyFSM_i[1]                                                                  ; |MealyFSM|MealyFSM_i[1]                                                                  ; out              ;
; |MealyFSM|MealyFSM_i[3]                                                                  ; |MealyFSM|MealyFSM_i[3]                                                                  ; out              ;
; |MealyFSM|MealyFSM_o                                                                     ; |MealyFSM|MealyFSM_o                                                                     ; pin_out          ;
; |MealyFSM|outFSM:outFSM_inst2|Data_o                                                     ; |MealyFSM|outFSM:outFSM_inst2|Data_o                                                     ; out0             ;
; |MealyFSM|register:register_inst1|data_o[0]                                              ; |MealyFSM|register:register_inst1|data_o[0]                                              ; regout           ;
; |MealyFSM|register:register_inst1|data_o[1]                                              ; |MealyFSM|register:register_inst1|data_o[1]                                              ; regout           ;
; |MealyFSM|NextState:NextState_inst0|always0~0                                            ; |MealyFSM|NextState:NextState_inst0|always0~0                                            ; out0             ;
; |MealyFSM|outFSM:outFSM_inst2|Equal0~0                                                   ; |MealyFSM|outFSM:outFSM_inst2|Equal0~0                                                   ; out0             ;
; |MealyFSM|outFSM:outFSM_inst2|Equal1~0                                                   ; |MealyFSM|outFSM:outFSM_inst2|Equal1~0                                                   ; out0             ;
; |MealyFSM|NextState:NextState_inst0|Equal0~0                                             ; |MealyFSM|NextState:NextState_inst0|Equal0~0                                             ; out0             ;
; |MealyFSM|NextState:NextState_inst0|Equal1~0                                             ; |MealyFSM|NextState:NextState_inst0|Equal1~0                                             ; out0             ;
; |MealyFSM|NextState:NextState_inst0|Equal2~0                                             ; |MealyFSM|NextState:NextState_inst0|Equal2~0                                             ; out0             ;
; |MealyFSM|NextState:NextState_inst0|lpm_mux:Mux1|mux_joc:auto_generated|_~1              ; |MealyFSM|NextState:NextState_inst0|lpm_mux:Mux1|mux_joc:auto_generated|_~1              ; out0             ;
; |MealyFSM|NextState:NextState_inst0|lpm_mux:Mux1|mux_joc:auto_generated|_~3              ; |MealyFSM|NextState:NextState_inst0|lpm_mux:Mux1|mux_joc:auto_generated|_~3              ; out0             ;
; |MealyFSM|NextState:NextState_inst0|lpm_mux:Mux1|mux_joc:auto_generated|_~5              ; |MealyFSM|NextState:NextState_inst0|lpm_mux:Mux1|mux_joc:auto_generated|_~5              ; out0             ;
; |MealyFSM|NextState:NextState_inst0|lpm_mux:Mux1|mux_joc:auto_generated|_~6              ; |MealyFSM|NextState:NextState_inst0|lpm_mux:Mux1|mux_joc:auto_generated|_~6              ; out0             ;
; |MealyFSM|NextState:NextState_inst0|lpm_mux:Mux1|mux_joc:auto_generated|_~7              ; |MealyFSM|NextState:NextState_inst0|lpm_mux:Mux1|mux_joc:auto_generated|_~7              ; out0             ;
; |MealyFSM|NextState:NextState_inst0|lpm_mux:Mux1|mux_joc:auto_generated|_~8              ; |MealyFSM|NextState:NextState_inst0|lpm_mux:Mux1|mux_joc:auto_generated|_~8              ; out0             ;
; |MealyFSM|NextState:NextState_inst0|lpm_mux:Mux1|mux_joc:auto_generated|_~10             ; |MealyFSM|NextState:NextState_inst0|lpm_mux:Mux1|mux_joc:auto_generated|_~10             ; out0             ;
; |MealyFSM|NextState:NextState_inst0|lpm_mux:Mux1|mux_joc:auto_generated|_~12             ; |MealyFSM|NextState:NextState_inst0|lpm_mux:Mux1|mux_joc:auto_generated|_~12             ; out0             ;
; |MealyFSM|NextState:NextState_inst0|lpm_mux:Mux1|mux_joc:auto_generated|_~14             ; |MealyFSM|NextState:NextState_inst0|lpm_mux:Mux1|mux_joc:auto_generated|_~14             ; out0             ;
; |MealyFSM|NextState:NextState_inst0|lpm_mux:Mux1|mux_joc:auto_generated|_~15             ; |MealyFSM|NextState:NextState_inst0|lpm_mux:Mux1|mux_joc:auto_generated|_~15             ; out0             ;
; |MealyFSM|NextState:NextState_inst0|lpm_mux:Mux1|mux_joc:auto_generated|_~16             ; |MealyFSM|NextState:NextState_inst0|lpm_mux:Mux1|mux_joc:auto_generated|_~16             ; out0             ;
; |MealyFSM|NextState:NextState_inst0|lpm_mux:Mux1|mux_joc:auto_generated|_~17             ; |MealyFSM|NextState:NextState_inst0|lpm_mux:Mux1|mux_joc:auto_generated|_~17             ; out0             ;
; |MealyFSM|NextState:NextState_inst0|lpm_mux:Mux1|mux_joc:auto_generated|_~18             ; |MealyFSM|NextState:NextState_inst0|lpm_mux:Mux1|mux_joc:auto_generated|_~18             ; out0             ;
; |MealyFSM|NextState:NextState_inst0|lpm_mux:Mux1|mux_joc:auto_generated|_~22             ; |MealyFSM|NextState:NextState_inst0|lpm_mux:Mux1|mux_joc:auto_generated|_~22             ; out0             ;
; |MealyFSM|NextState:NextState_inst0|lpm_mux:Mux1|mux_joc:auto_generated|_~23             ; |MealyFSM|NextState:NextState_inst0|lpm_mux:Mux1|mux_joc:auto_generated|_~23             ; out0             ;
; |MealyFSM|NextState:NextState_inst0|lpm_mux:Mux1|mux_joc:auto_generated|_~25             ; |MealyFSM|NextState:NextState_inst0|lpm_mux:Mux1|mux_joc:auto_generated|_~25             ; out0             ;
; |MealyFSM|NextState:NextState_inst0|lpm_mux:Mux1|mux_joc:auto_generated|_~27             ; |MealyFSM|NextState:NextState_inst0|lpm_mux:Mux1|mux_joc:auto_generated|_~27             ; out0             ;
; |MealyFSM|NextState:NextState_inst0|lpm_mux:Mux1|mux_joc:auto_generated|_~28             ; |MealyFSM|NextState:NextState_inst0|lpm_mux:Mux1|mux_joc:auto_generated|_~28             ; out0             ;
; |MealyFSM|NextState:NextState_inst0|lpm_mux:Mux1|mux_joc:auto_generated|_~29             ; |MealyFSM|NextState:NextState_inst0|lpm_mux:Mux1|mux_joc:auto_generated|_~29             ; out0             ;
; |MealyFSM|NextState:NextState_inst0|lpm_mux:Mux1|mux_joc:auto_generated|_~30             ; |MealyFSM|NextState:NextState_inst0|lpm_mux:Mux1|mux_joc:auto_generated|_~30             ; out0             ;
; |MealyFSM|NextState:NextState_inst0|lpm_mux:Mux1|mux_joc:auto_generated|_~31             ; |MealyFSM|NextState:NextState_inst0|lpm_mux:Mux1|mux_joc:auto_generated|_~31             ; out0             ;
; |MealyFSM|NextState:NextState_inst0|lpm_mux:Mux1|mux_joc:auto_generated|_~32             ; |MealyFSM|NextState:NextState_inst0|lpm_mux:Mux1|mux_joc:auto_generated|_~32             ; out0             ;
; |MealyFSM|NextState:NextState_inst0|lpm_mux:Mux1|mux_joc:auto_generated|_~34             ; |MealyFSM|NextState:NextState_inst0|lpm_mux:Mux1|mux_joc:auto_generated|_~34             ; out0             ;
; |MealyFSM|NextState:NextState_inst0|lpm_mux:Mux1|mux_joc:auto_generated|_~36             ; |MealyFSM|NextState:NextState_inst0|lpm_mux:Mux1|mux_joc:auto_generated|_~36             ; out0             ;
; |MealyFSM|NextState:NextState_inst0|lpm_mux:Mux1|mux_joc:auto_generated|_~37             ; |MealyFSM|NextState:NextState_inst0|lpm_mux:Mux1|mux_joc:auto_generated|_~37             ; out0             ;
; |MealyFSM|NextState:NextState_inst0|lpm_mux:Mux1|mux_joc:auto_generated|_~38             ; |MealyFSM|NextState:NextState_inst0|lpm_mux:Mux1|mux_joc:auto_generated|_~38             ; out0             ;
; |MealyFSM|NextState:NextState_inst0|lpm_mux:Mux1|mux_joc:auto_generated|_~39             ; |MealyFSM|NextState:NextState_inst0|lpm_mux:Mux1|mux_joc:auto_generated|_~39             ; out0             ;
; |MealyFSM|NextState:NextState_inst0|lpm_mux:Mux1|mux_joc:auto_generated|_~40             ; |MealyFSM|NextState:NextState_inst0|lpm_mux:Mux1|mux_joc:auto_generated|_~40             ; out0             ;
; |MealyFSM|NextState:NextState_inst0|lpm_mux:Mux1|mux_joc:auto_generated|_~42             ; |MealyFSM|NextState:NextState_inst0|lpm_mux:Mux1|mux_joc:auto_generated|_~42             ; out0             ;
; |MealyFSM|NextState:NextState_inst0|lpm_mux:Mux1|mux_joc:auto_generated|_~43             ; |MealyFSM|NextState:NextState_inst0|lpm_mux:Mux1|mux_joc:auto_generated|_~43             ; out0             ;
; |MealyFSM|NextState:NextState_inst0|lpm_mux:Mux1|mux_joc:auto_generated|_~44             ; |MealyFSM|NextState:NextState_inst0|lpm_mux:Mux1|mux_joc:auto_generated|_~44             ; out0             ;
; |MealyFSM|NextState:NextState_inst0|lpm_mux:Mux1|mux_joc:auto_generated|_~46             ; |MealyFSM|NextState:NextState_inst0|lpm_mux:Mux1|mux_joc:auto_generated|_~46             ; out0             ;
; |MealyFSM|NextState:NextState_inst0|lpm_mux:Mux1|mux_joc:auto_generated|_~47             ; |MealyFSM|NextState:NextState_inst0|lpm_mux:Mux1|mux_joc:auto_generated|_~47             ; out0             ;
; |MealyFSM|NextState:NextState_inst0|lpm_mux:Mux1|mux_joc:auto_generated|_~48             ; |MealyFSM|NextState:NextState_inst0|lpm_mux:Mux1|mux_joc:auto_generated|_~48             ; out0             ;
; |MealyFSM|NextState:NextState_inst0|lpm_mux:Mux1|mux_joc:auto_generated|_~50             ; |MealyFSM|NextState:NextState_inst0|lpm_mux:Mux1|mux_joc:auto_generated|_~50             ; out0             ;
; |MealyFSM|NextState:NextState_inst0|lpm_mux:Mux1|mux_joc:auto_generated|_~52             ; |MealyFSM|NextState:NextState_inst0|lpm_mux:Mux1|mux_joc:auto_generated|_~52             ; out0             ;
; |MealyFSM|NextState:NextState_inst0|lpm_mux:Mux1|mux_joc:auto_generated|_~53             ; |MealyFSM|NextState:NextState_inst0|lpm_mux:Mux1|mux_joc:auto_generated|_~53             ; out0             ;
; |MealyFSM|NextState:NextState_inst0|lpm_mux:Mux1|mux_joc:auto_generated|_~54             ; |MealyFSM|NextState:NextState_inst0|lpm_mux:Mux1|mux_joc:auto_generated|_~54             ; out0             ;
; |MealyFSM|NextState:NextState_inst0|lpm_mux:Mux1|mux_joc:auto_generated|_~55             ; |MealyFSM|NextState:NextState_inst0|lpm_mux:Mux1|mux_joc:auto_generated|_~55             ; out0             ;
; |MealyFSM|NextState:NextState_inst0|lpm_mux:Mux1|mux_joc:auto_generated|_~56             ; |MealyFSM|NextState:NextState_inst0|lpm_mux:Mux1|mux_joc:auto_generated|_~56             ; out0             ;
; |MealyFSM|NextState:NextState_inst0|lpm_mux:Mux1|mux_joc:auto_generated|_~57             ; |MealyFSM|NextState:NextState_inst0|lpm_mux:Mux1|mux_joc:auto_generated|_~57             ; out0             ;
; |MealyFSM|NextState:NextState_inst0|lpm_mux:Mux1|mux_joc:auto_generated|_~59             ; |MealyFSM|NextState:NextState_inst0|lpm_mux:Mux1|mux_joc:auto_generated|_~59             ; out0             ;
; |MealyFSM|NextState:NextState_inst0|lpm_mux:Mux1|mux_joc:auto_generated|_~61             ; |MealyFSM|NextState:NextState_inst0|lpm_mux:Mux1|mux_joc:auto_generated|_~61             ; out0             ;
; |MealyFSM|NextState:NextState_inst0|lpm_mux:Mux1|mux_joc:auto_generated|_~62             ; |MealyFSM|NextState:NextState_inst0|lpm_mux:Mux1|mux_joc:auto_generated|_~62             ; out0             ;
; |MealyFSM|NextState:NextState_inst0|lpm_mux:Mux1|mux_joc:auto_generated|_~63             ; |MealyFSM|NextState:NextState_inst0|lpm_mux:Mux1|mux_joc:auto_generated|_~63             ; out0             ;
; |MealyFSM|NextState:NextState_inst0|lpm_mux:Mux1|mux_joc:auto_generated|_~64             ; |MealyFSM|NextState:NextState_inst0|lpm_mux:Mux1|mux_joc:auto_generated|_~64             ; out0             ;
; |MealyFSM|NextState:NextState_inst0|lpm_mux:Mux1|mux_joc:auto_generated|_~65             ; |MealyFSM|NextState:NextState_inst0|lpm_mux:Mux1|mux_joc:auto_generated|_~65             ; out0             ;
; |MealyFSM|NextState:NextState_inst0|lpm_mux:Mux1|mux_joc:auto_generated|_~67             ; |MealyFSM|NextState:NextState_inst0|lpm_mux:Mux1|mux_joc:auto_generated|_~67             ; out0             ;
; |MealyFSM|NextState:NextState_inst0|lpm_mux:Mux1|mux_joc:auto_generated|_~68             ; |MealyFSM|NextState:NextState_inst0|lpm_mux:Mux1|mux_joc:auto_generated|_~68             ; out0             ;
; |MealyFSM|NextState:NextState_inst0|lpm_mux:Mux1|mux_joc:auto_generated|_~69             ; |MealyFSM|NextState:NextState_inst0|lpm_mux:Mux1|mux_joc:auto_generated|_~69             ; out0             ;
; |MealyFSM|NextState:NextState_inst0|lpm_mux:Mux1|mux_joc:auto_generated|_~70             ; |MealyFSM|NextState:NextState_inst0|lpm_mux:Mux1|mux_joc:auto_generated|_~70             ; out0             ;
; |MealyFSM|NextState:NextState_inst0|lpm_mux:Mux1|mux_joc:auto_generated|_~71             ; |MealyFSM|NextState:NextState_inst0|lpm_mux:Mux1|mux_joc:auto_generated|_~71             ; out0             ;
; |MealyFSM|NextState:NextState_inst0|lpm_mux:Mux1|mux_joc:auto_generated|_~72             ; |MealyFSM|NextState:NextState_inst0|lpm_mux:Mux1|mux_joc:auto_generated|_~72             ; out0             ;
; |MealyFSM|NextState:NextState_inst0|lpm_mux:Mux1|mux_joc:auto_generated|_~73             ; |MealyFSM|NextState:NextState_inst0|lpm_mux:Mux1|mux_joc:auto_generated|_~73             ; out0             ;
; |MealyFSM|NextState:NextState_inst0|lpm_mux:Mux1|mux_joc:auto_generated|_~75             ; |MealyFSM|NextState:NextState_inst0|lpm_mux:Mux1|mux_joc:auto_generated|_~75             ; out0             ;
; |MealyFSM|NextState:NextState_inst0|lpm_mux:Mux1|mux_joc:auto_generated|_~77             ; |MealyFSM|NextState:NextState_inst0|lpm_mux:Mux1|mux_joc:auto_generated|_~77             ; out0             ;
; |MealyFSM|NextState:NextState_inst0|lpm_mux:Mux1|mux_joc:auto_generated|_~78             ; |MealyFSM|NextState:NextState_inst0|lpm_mux:Mux1|mux_joc:auto_generated|_~78             ; out0             ;
; |MealyFSM|NextState:NextState_inst0|lpm_mux:Mux1|mux_joc:auto_generated|_~79             ; |MealyFSM|NextState:NextState_inst0|lpm_mux:Mux1|mux_joc:auto_generated|_~79             ; out0             ;
; |MealyFSM|NextState:NextState_inst0|lpm_mux:Mux1|mux_joc:auto_generated|_~80             ; |MealyFSM|NextState:NextState_inst0|lpm_mux:Mux1|mux_joc:auto_generated|_~80             ; out0             ;
; |MealyFSM|NextState:NextState_inst0|lpm_mux:Mux1|mux_joc:auto_generated|_~81             ; |MealyFSM|NextState:NextState_inst0|lpm_mux:Mux1|mux_joc:auto_generated|_~81             ; out0             ;
; |MealyFSM|NextState:NextState_inst0|lpm_mux:Mux1|mux_joc:auto_generated|_~82             ; |MealyFSM|NextState:NextState_inst0|lpm_mux:Mux1|mux_joc:auto_generated|_~82             ; out0             ;
; |MealyFSM|NextState:NextState_inst0|lpm_mux:Mux1|mux_joc:auto_generated|_~84             ; |MealyFSM|NextState:NextState_inst0|lpm_mux:Mux1|mux_joc:auto_generated|_~84             ; out0             ;
; |MealyFSM|NextState:NextState_inst0|lpm_mux:Mux1|mux_joc:auto_generated|_~86             ; |MealyFSM|NextState:NextState_inst0|lpm_mux:Mux1|mux_joc:auto_generated|_~86             ; out0             ;
; |MealyFSM|NextState:NextState_inst0|lpm_mux:Mux1|mux_joc:auto_generated|_~87             ; |MealyFSM|NextState:NextState_inst0|lpm_mux:Mux1|mux_joc:auto_generated|_~87             ; out0             ;
; |MealyFSM|NextState:NextState_inst0|lpm_mux:Mux1|mux_joc:auto_generated|_~88             ; |MealyFSM|NextState:NextState_inst0|lpm_mux:Mux1|mux_joc:auto_generated|_~88             ; out0             ;
; |MealyFSM|NextState:NextState_inst0|lpm_mux:Mux1|mux_joc:auto_generated|_~89             ; |MealyFSM|NextState:NextState_inst0|lpm_mux:Mux1|mux_joc:auto_generated|_~89             ; out0             ;
; |MealyFSM|NextState:NextState_inst0|lpm_mux:Mux1|mux_joc:auto_generated|_~90             ; |MealyFSM|NextState:NextState_inst0|lpm_mux:Mux1|mux_joc:auto_generated|_~90             ; out0             ;
; |MealyFSM|NextState:NextState_inst0|lpm_mux:Mux1|mux_joc:auto_generated|_~92             ; |MealyFSM|NextState:NextState_inst0|lpm_mux:Mux1|mux_joc:auto_generated|_~92             ; out0             ;
; |MealyFSM|NextState:NextState_inst0|lpm_mux:Mux1|mux_joc:auto_generated|_~93             ; |MealyFSM|NextState:NextState_inst0|lpm_mux:Mux1|mux_joc:auto_generated|_~93             ; out0             ;
; |MealyFSM|NextState:NextState_inst0|lpm_mux:Mux1|mux_joc:auto_generated|_~94             ; |MealyFSM|NextState:NextState_inst0|lpm_mux:Mux1|mux_joc:auto_generated|_~94             ; out0             ;
; |MealyFSM|NextState:NextState_inst0|lpm_mux:Mux1|mux_joc:auto_generated|_~96             ; |MealyFSM|NextState:NextState_inst0|lpm_mux:Mux1|mux_joc:auto_generated|_~96             ; out0             ;
; |MealyFSM|NextState:NextState_inst0|lpm_mux:Mux1|mux_joc:auto_generated|_~97             ; |MealyFSM|NextState:NextState_inst0|lpm_mux:Mux1|mux_joc:auto_generated|_~97             ; out0             ;
; |MealyFSM|NextState:NextState_inst0|lpm_mux:Mux1|mux_joc:auto_generated|_~98             ; |MealyFSM|NextState:NextState_inst0|lpm_mux:Mux1|mux_joc:auto_generated|_~98             ; out0             ;
; |MealyFSM|NextState:NextState_inst0|lpm_mux:Mux1|mux_joc:auto_generated|_~100            ; |MealyFSM|NextState:NextState_inst0|lpm_mux:Mux1|mux_joc:auto_generated|_~100            ; out0             ;
; |MealyFSM|NextState:NextState_inst0|lpm_mux:Mux1|mux_joc:auto_generated|_~102            ; |MealyFSM|NextState:NextState_inst0|lpm_mux:Mux1|mux_joc:auto_generated|_~102            ; out0             ;
; |MealyFSM|NextState:NextState_inst0|lpm_mux:Mux1|mux_joc:auto_generated|_~103            ; |MealyFSM|NextState:NextState_inst0|lpm_mux:Mux1|mux_joc:auto_generated|_~103            ; out0             ;
; |MealyFSM|NextState:NextState_inst0|lpm_mux:Mux1|mux_joc:auto_generated|_~104            ; |MealyFSM|NextState:NextState_inst0|lpm_mux:Mux1|mux_joc:auto_generated|_~104            ; out0             ;
; |MealyFSM|NextState:NextState_inst0|lpm_mux:Mux1|mux_joc:auto_generated|_~105            ; |MealyFSM|NextState:NextState_inst0|lpm_mux:Mux1|mux_joc:auto_generated|_~105            ; out0             ;
; |MealyFSM|NextState:NextState_inst0|lpm_mux:Mux1|mux_joc:auto_generated|_~106            ; |MealyFSM|NextState:NextState_inst0|lpm_mux:Mux1|mux_joc:auto_generated|_~106            ; out0             ;
; |MealyFSM|NextState:NextState_inst0|lpm_mux:Mux1|mux_joc:auto_generated|_~107            ; |MealyFSM|NextState:NextState_inst0|lpm_mux:Mux1|mux_joc:auto_generated|_~107            ; out0             ;
; |MealyFSM|NextState:NextState_inst0|lpm_mux:Mux1|mux_joc:auto_generated|_~109            ; |MealyFSM|NextState:NextState_inst0|lpm_mux:Mux1|mux_joc:auto_generated|_~109            ; out0             ;
; |MealyFSM|NextState:NextState_inst0|lpm_mux:Mux1|mux_joc:auto_generated|_~111            ; |MealyFSM|NextState:NextState_inst0|lpm_mux:Mux1|mux_joc:auto_generated|_~111            ; out0             ;
; |MealyFSM|NextState:NextState_inst0|lpm_mux:Mux1|mux_joc:auto_generated|_~112            ; |MealyFSM|NextState:NextState_inst0|lpm_mux:Mux1|mux_joc:auto_generated|_~112            ; out0             ;
; |MealyFSM|NextState:NextState_inst0|lpm_mux:Mux1|mux_joc:auto_generated|_~113            ; |MealyFSM|NextState:NextState_inst0|lpm_mux:Mux1|mux_joc:auto_generated|_~113            ; out0             ;
; |MealyFSM|NextState:NextState_inst0|lpm_mux:Mux1|mux_joc:auto_generated|_~114            ; |MealyFSM|NextState:NextState_inst0|lpm_mux:Mux1|mux_joc:auto_generated|_~114            ; out0             ;
; |MealyFSM|NextState:NextState_inst0|lpm_mux:Mux1|mux_joc:auto_generated|_~115            ; |MealyFSM|NextState:NextState_inst0|lpm_mux:Mux1|mux_joc:auto_generated|_~115            ; out0             ;
; |MealyFSM|NextState:NextState_inst0|lpm_mux:Mux1|mux_joc:auto_generated|_~117            ; |MealyFSM|NextState:NextState_inst0|lpm_mux:Mux1|mux_joc:auto_generated|_~117            ; out0             ;
; |MealyFSM|NextState:NextState_inst0|lpm_mux:Mux1|mux_joc:auto_generated|_~118            ; |MealyFSM|NextState:NextState_inst0|lpm_mux:Mux1|mux_joc:auto_generated|_~118            ; out0             ;
; |MealyFSM|NextState:NextState_inst0|lpm_mux:Mux1|mux_joc:auto_generated|_~119            ; |MealyFSM|NextState:NextState_inst0|lpm_mux:Mux1|mux_joc:auto_generated|_~119            ; out0             ;
; |MealyFSM|NextState:NextState_inst0|lpm_mux:Mux1|mux_joc:auto_generated|_~120            ; |MealyFSM|NextState:NextState_inst0|lpm_mux:Mux1|mux_joc:auto_generated|_~120            ; out0             ;
; |MealyFSM|NextState:NextState_inst0|lpm_mux:Mux1|mux_joc:auto_generated|_~122            ; |MealyFSM|NextState:NextState_inst0|lpm_mux:Mux1|mux_joc:auto_generated|_~122            ; out0             ;
; |MealyFSM|NextState:NextState_inst0|lpm_mux:Mux1|mux_joc:auto_generated|_~124            ; |MealyFSM|NextState:NextState_inst0|lpm_mux:Mux1|mux_joc:auto_generated|_~124            ; out0             ;
; |MealyFSM|NextState:NextState_inst0|lpm_mux:Mux1|mux_joc:auto_generated|_~126            ; |MealyFSM|NextState:NextState_inst0|lpm_mux:Mux1|mux_joc:auto_generated|_~126            ; out0             ;
; |MealyFSM|NextState:NextState_inst0|lpm_mux:Mux1|mux_joc:auto_generated|_~127            ; |MealyFSM|NextState:NextState_inst0|lpm_mux:Mux1|mux_joc:auto_generated|_~127            ; out0             ;
; |MealyFSM|NextState:NextState_inst0|lpm_mux:Mux1|mux_joc:auto_generated|_~128            ; |MealyFSM|NextState:NextState_inst0|lpm_mux:Mux1|mux_joc:auto_generated|_~128            ; out0             ;
; |MealyFSM|NextState:NextState_inst0|lpm_mux:Mux1|mux_joc:auto_generated|_~129            ; |MealyFSM|NextState:NextState_inst0|lpm_mux:Mux1|mux_joc:auto_generated|_~129            ; out0             ;
; |MealyFSM|NextState:NextState_inst0|lpm_mux:Mux1|mux_joc:auto_generated|_~131            ; |MealyFSM|NextState:NextState_inst0|lpm_mux:Mux1|mux_joc:auto_generated|_~131            ; out0             ;
; |MealyFSM|NextState:NextState_inst0|lpm_mux:Mux1|mux_joc:auto_generated|_~133            ; |MealyFSM|NextState:NextState_inst0|lpm_mux:Mux1|mux_joc:auto_generated|_~133            ; out0             ;
; |MealyFSM|NextState:NextState_inst0|lpm_mux:Mux1|mux_joc:auto_generated|_~135            ; |MealyFSM|NextState:NextState_inst0|lpm_mux:Mux1|mux_joc:auto_generated|_~135            ; out0             ;
; |MealyFSM|NextState:NextState_inst0|lpm_mux:Mux1|mux_joc:auto_generated|_~136            ; |MealyFSM|NextState:NextState_inst0|lpm_mux:Mux1|mux_joc:auto_generated|_~136            ; out0             ;
; |MealyFSM|NextState:NextState_inst0|lpm_mux:Mux1|mux_joc:auto_generated|_~137            ; |MealyFSM|NextState:NextState_inst0|lpm_mux:Mux1|mux_joc:auto_generated|_~137            ; out0             ;
; |MealyFSM|NextState:NextState_inst0|lpm_mux:Mux1|mux_joc:auto_generated|_~138            ; |MealyFSM|NextState:NextState_inst0|lpm_mux:Mux1|mux_joc:auto_generated|_~138            ; out0             ;
; |MealyFSM|NextState:NextState_inst0|lpm_mux:Mux1|mux_joc:auto_generated|_~139            ; |MealyFSM|NextState:NextState_inst0|lpm_mux:Mux1|mux_joc:auto_generated|_~139            ; out0             ;
; |MealyFSM|NextState:NextState_inst0|lpm_mux:Mux1|mux_joc:auto_generated|result_node[0]~1 ; |MealyFSM|NextState:NextState_inst0|lpm_mux:Mux1|mux_joc:auto_generated|result_node[0]~1 ; out0             ;
; |MealyFSM|NextState:NextState_inst0|lpm_mux:Mux1|mux_joc:auto_generated|result_node[0]   ; |MealyFSM|NextState:NextState_inst0|lpm_mux:Mux1|mux_joc:auto_generated|result_node[0]   ; out0             ;
; |MealyFSM|NextState:NextState_inst0|lpm_mux:Mux0|mux_joc:auto_generated|_~1              ; |MealyFSM|NextState:NextState_inst0|lpm_mux:Mux0|mux_joc:auto_generated|_~1              ; out0             ;
; |MealyFSM|NextState:NextState_inst0|lpm_mux:Mux0|mux_joc:auto_generated|_~3              ; |MealyFSM|NextState:NextState_inst0|lpm_mux:Mux0|mux_joc:auto_generated|_~3              ; out0             ;
; |MealyFSM|NextState:NextState_inst0|lpm_mux:Mux0|mux_joc:auto_generated|_~5              ; |MealyFSM|NextState:NextState_inst0|lpm_mux:Mux0|mux_joc:auto_generated|_~5              ; out0             ;
; |MealyFSM|NextState:NextState_inst0|lpm_mux:Mux0|mux_joc:auto_generated|_~6              ; |MealyFSM|NextState:NextState_inst0|lpm_mux:Mux0|mux_joc:auto_generated|_~6              ; out0             ;
; |MealyFSM|NextState:NextState_inst0|lpm_mux:Mux0|mux_joc:auto_generated|_~7              ; |MealyFSM|NextState:NextState_inst0|lpm_mux:Mux0|mux_joc:auto_generated|_~7              ; out0             ;
; |MealyFSM|NextState:NextState_inst0|lpm_mux:Mux0|mux_joc:auto_generated|_~8              ; |MealyFSM|NextState:NextState_inst0|lpm_mux:Mux0|mux_joc:auto_generated|_~8              ; out0             ;
; |MealyFSM|NextState:NextState_inst0|lpm_mux:Mux0|mux_joc:auto_generated|_~10             ; |MealyFSM|NextState:NextState_inst0|lpm_mux:Mux0|mux_joc:auto_generated|_~10             ; out0             ;
; |MealyFSM|NextState:NextState_inst0|lpm_mux:Mux0|mux_joc:auto_generated|_~12             ; |MealyFSM|NextState:NextState_inst0|lpm_mux:Mux0|mux_joc:auto_generated|_~12             ; out0             ;
; |MealyFSM|NextState:NextState_inst0|lpm_mux:Mux0|mux_joc:auto_generated|_~14             ; |MealyFSM|NextState:NextState_inst0|lpm_mux:Mux0|mux_joc:auto_generated|_~14             ; out0             ;
; |MealyFSM|NextState:NextState_inst0|lpm_mux:Mux0|mux_joc:auto_generated|_~15             ; |MealyFSM|NextState:NextState_inst0|lpm_mux:Mux0|mux_joc:auto_generated|_~15             ; out0             ;
; |MealyFSM|NextState:NextState_inst0|lpm_mux:Mux0|mux_joc:auto_generated|_~16             ; |MealyFSM|NextState:NextState_inst0|lpm_mux:Mux0|mux_joc:auto_generated|_~16             ; out0             ;
; |MealyFSM|NextState:NextState_inst0|lpm_mux:Mux0|mux_joc:auto_generated|_~17             ; |MealyFSM|NextState:NextState_inst0|lpm_mux:Mux0|mux_joc:auto_generated|_~17             ; out0             ;
; |MealyFSM|NextState:NextState_inst0|lpm_mux:Mux0|mux_joc:auto_generated|_~18             ; |MealyFSM|NextState:NextState_inst0|lpm_mux:Mux0|mux_joc:auto_generated|_~18             ; out0             ;
; |MealyFSM|NextState:NextState_inst0|lpm_mux:Mux0|mux_joc:auto_generated|_~23             ; |MealyFSM|NextState:NextState_inst0|lpm_mux:Mux0|mux_joc:auto_generated|_~23             ; out0             ;
; |MealyFSM|NextState:NextState_inst0|lpm_mux:Mux0|mux_joc:auto_generated|_~25             ; |MealyFSM|NextState:NextState_inst0|lpm_mux:Mux0|mux_joc:auto_generated|_~25             ; out0             ;
; |MealyFSM|NextState:NextState_inst0|lpm_mux:Mux0|mux_joc:auto_generated|_~27             ; |MealyFSM|NextState:NextState_inst0|lpm_mux:Mux0|mux_joc:auto_generated|_~27             ; out0             ;
; |MealyFSM|NextState:NextState_inst0|lpm_mux:Mux0|mux_joc:auto_generated|_~28             ; |MealyFSM|NextState:NextState_inst0|lpm_mux:Mux0|mux_joc:auto_generated|_~28             ; out0             ;
; |MealyFSM|NextState:NextState_inst0|lpm_mux:Mux0|mux_joc:auto_generated|_~29             ; |MealyFSM|NextState:NextState_inst0|lpm_mux:Mux0|mux_joc:auto_generated|_~29             ; out0             ;
; |MealyFSM|NextState:NextState_inst0|lpm_mux:Mux0|mux_joc:auto_generated|_~30             ; |MealyFSM|NextState:NextState_inst0|lpm_mux:Mux0|mux_joc:auto_generated|_~30             ; out0             ;
; |MealyFSM|NextState:NextState_inst0|lpm_mux:Mux0|mux_joc:auto_generated|_~32             ; |MealyFSM|NextState:NextState_inst0|lpm_mux:Mux0|mux_joc:auto_generated|_~32             ; out0             ;
; |MealyFSM|NextState:NextState_inst0|lpm_mux:Mux0|mux_joc:auto_generated|_~34             ; |MealyFSM|NextState:NextState_inst0|lpm_mux:Mux0|mux_joc:auto_generated|_~34             ; out0             ;
; |MealyFSM|NextState:NextState_inst0|lpm_mux:Mux0|mux_joc:auto_generated|_~36             ; |MealyFSM|NextState:NextState_inst0|lpm_mux:Mux0|mux_joc:auto_generated|_~36             ; out0             ;
; |MealyFSM|NextState:NextState_inst0|lpm_mux:Mux0|mux_joc:auto_generated|_~37             ; |MealyFSM|NextState:NextState_inst0|lpm_mux:Mux0|mux_joc:auto_generated|_~37             ; out0             ;
; |MealyFSM|NextState:NextState_inst0|lpm_mux:Mux0|mux_joc:auto_generated|_~38             ; |MealyFSM|NextState:NextState_inst0|lpm_mux:Mux0|mux_joc:auto_generated|_~38             ; out0             ;
; |MealyFSM|NextState:NextState_inst0|lpm_mux:Mux0|mux_joc:auto_generated|_~39             ; |MealyFSM|NextState:NextState_inst0|lpm_mux:Mux0|mux_joc:auto_generated|_~39             ; out0             ;
; |MealyFSM|NextState:NextState_inst0|lpm_mux:Mux0|mux_joc:auto_generated|_~40             ; |MealyFSM|NextState:NextState_inst0|lpm_mux:Mux0|mux_joc:auto_generated|_~40             ; out0             ;
; |MealyFSM|NextState:NextState_inst0|lpm_mux:Mux0|mux_joc:auto_generated|_~41             ; |MealyFSM|NextState:NextState_inst0|lpm_mux:Mux0|mux_joc:auto_generated|_~41             ; out0             ;
; |MealyFSM|NextState:NextState_inst0|lpm_mux:Mux0|mux_joc:auto_generated|_~42             ; |MealyFSM|NextState:NextState_inst0|lpm_mux:Mux0|mux_joc:auto_generated|_~42             ; out0             ;
; |MealyFSM|NextState:NextState_inst0|lpm_mux:Mux0|mux_joc:auto_generated|_~43             ; |MealyFSM|NextState:NextState_inst0|lpm_mux:Mux0|mux_joc:auto_generated|_~43             ; out0             ;
; |MealyFSM|NextState:NextState_inst0|lpm_mux:Mux0|mux_joc:auto_generated|_~44             ; |MealyFSM|NextState:NextState_inst0|lpm_mux:Mux0|mux_joc:auto_generated|_~44             ; out0             ;
; |MealyFSM|NextState:NextState_inst0|lpm_mux:Mux0|mux_joc:auto_generated|_~46             ; |MealyFSM|NextState:NextState_inst0|lpm_mux:Mux0|mux_joc:auto_generated|_~46             ; out0             ;
; |MealyFSM|NextState:NextState_inst0|lpm_mux:Mux0|mux_joc:auto_generated|_~47             ; |MealyFSM|NextState:NextState_inst0|lpm_mux:Mux0|mux_joc:auto_generated|_~47             ; out0             ;
; |MealyFSM|NextState:NextState_inst0|lpm_mux:Mux0|mux_joc:auto_generated|_~48             ; |MealyFSM|NextState:NextState_inst0|lpm_mux:Mux0|mux_joc:auto_generated|_~48             ; out0             ;
; |MealyFSM|NextState:NextState_inst0|lpm_mux:Mux0|mux_joc:auto_generated|_~50             ; |MealyFSM|NextState:NextState_inst0|lpm_mux:Mux0|mux_joc:auto_generated|_~50             ; out0             ;
; |MealyFSM|NextState:NextState_inst0|lpm_mux:Mux0|mux_joc:auto_generated|_~52             ; |MealyFSM|NextState:NextState_inst0|lpm_mux:Mux0|mux_joc:auto_generated|_~52             ; out0             ;
; |MealyFSM|NextState:NextState_inst0|lpm_mux:Mux0|mux_joc:auto_generated|_~53             ; |MealyFSM|NextState:NextState_inst0|lpm_mux:Mux0|mux_joc:auto_generated|_~53             ; out0             ;
; |MealyFSM|NextState:NextState_inst0|lpm_mux:Mux0|mux_joc:auto_generated|_~54             ; |MealyFSM|NextState:NextState_inst0|lpm_mux:Mux0|mux_joc:auto_generated|_~54             ; out0             ;
; |MealyFSM|NextState:NextState_inst0|lpm_mux:Mux0|mux_joc:auto_generated|_~55             ; |MealyFSM|NextState:NextState_inst0|lpm_mux:Mux0|mux_joc:auto_generated|_~55             ; out0             ;
; |MealyFSM|NextState:NextState_inst0|lpm_mux:Mux0|mux_joc:auto_generated|_~56             ; |MealyFSM|NextState:NextState_inst0|lpm_mux:Mux0|mux_joc:auto_generated|_~56             ; out0             ;
; |MealyFSM|NextState:NextState_inst0|lpm_mux:Mux0|mux_joc:auto_generated|_~57             ; |MealyFSM|NextState:NextState_inst0|lpm_mux:Mux0|mux_joc:auto_generated|_~57             ; out0             ;
; |MealyFSM|NextState:NextState_inst0|lpm_mux:Mux0|mux_joc:auto_generated|_~59             ; |MealyFSM|NextState:NextState_inst0|lpm_mux:Mux0|mux_joc:auto_generated|_~59             ; out0             ;
; |MealyFSM|NextState:NextState_inst0|lpm_mux:Mux0|mux_joc:auto_generated|_~61             ; |MealyFSM|NextState:NextState_inst0|lpm_mux:Mux0|mux_joc:auto_generated|_~61             ; out0             ;
; |MealyFSM|NextState:NextState_inst0|lpm_mux:Mux0|mux_joc:auto_generated|_~62             ; |MealyFSM|NextState:NextState_inst0|lpm_mux:Mux0|mux_joc:auto_generated|_~62             ; out0             ;
; |MealyFSM|NextState:NextState_inst0|lpm_mux:Mux0|mux_joc:auto_generated|_~63             ; |MealyFSM|NextState:NextState_inst0|lpm_mux:Mux0|mux_joc:auto_generated|_~63             ; out0             ;
; |MealyFSM|NextState:NextState_inst0|lpm_mux:Mux0|mux_joc:auto_generated|_~64             ; |MealyFSM|NextState:NextState_inst0|lpm_mux:Mux0|mux_joc:auto_generated|_~64             ; out0             ;
; |MealyFSM|NextState:NextState_inst0|lpm_mux:Mux0|mux_joc:auto_generated|_~65             ; |MealyFSM|NextState:NextState_inst0|lpm_mux:Mux0|mux_joc:auto_generated|_~65             ; out0             ;
; |MealyFSM|NextState:NextState_inst0|lpm_mux:Mux0|mux_joc:auto_generated|_~67             ; |MealyFSM|NextState:NextState_inst0|lpm_mux:Mux0|mux_joc:auto_generated|_~67             ; out0             ;
; |MealyFSM|NextState:NextState_inst0|lpm_mux:Mux0|mux_joc:auto_generated|_~68             ; |MealyFSM|NextState:NextState_inst0|lpm_mux:Mux0|mux_joc:auto_generated|_~68             ; out0             ;
; |MealyFSM|NextState:NextState_inst0|lpm_mux:Mux0|mux_joc:auto_generated|_~69             ; |MealyFSM|NextState:NextState_inst0|lpm_mux:Mux0|mux_joc:auto_generated|_~69             ; out0             ;
; |MealyFSM|NextState:NextState_inst0|lpm_mux:Mux0|mux_joc:auto_generated|_~70             ; |MealyFSM|NextState:NextState_inst0|lpm_mux:Mux0|mux_joc:auto_generated|_~70             ; out0             ;
; |MealyFSM|NextState:NextState_inst0|lpm_mux:Mux0|mux_joc:auto_generated|_~71             ; |MealyFSM|NextState:NextState_inst0|lpm_mux:Mux0|mux_joc:auto_generated|_~71             ; out0             ;
; |MealyFSM|NextState:NextState_inst0|lpm_mux:Mux0|mux_joc:auto_generated|_~73             ; |MealyFSM|NextState:NextState_inst0|lpm_mux:Mux0|mux_joc:auto_generated|_~73             ; out0             ;
; |MealyFSM|NextState:NextState_inst0|lpm_mux:Mux0|mux_joc:auto_generated|_~75             ; |MealyFSM|NextState:NextState_inst0|lpm_mux:Mux0|mux_joc:auto_generated|_~75             ; out0             ;
; |MealyFSM|NextState:NextState_inst0|lpm_mux:Mux0|mux_joc:auto_generated|_~77             ; |MealyFSM|NextState:NextState_inst0|lpm_mux:Mux0|mux_joc:auto_generated|_~77             ; out0             ;
; |MealyFSM|NextState:NextState_inst0|lpm_mux:Mux0|mux_joc:auto_generated|_~78             ; |MealyFSM|NextState:NextState_inst0|lpm_mux:Mux0|mux_joc:auto_generated|_~78             ; out0             ;
; |MealyFSM|NextState:NextState_inst0|lpm_mux:Mux0|mux_joc:auto_generated|_~79             ; |MealyFSM|NextState:NextState_inst0|lpm_mux:Mux0|mux_joc:auto_generated|_~79             ; out0             ;
; |MealyFSM|NextState:NextState_inst0|lpm_mux:Mux0|mux_joc:auto_generated|_~80             ; |MealyFSM|NextState:NextState_inst0|lpm_mux:Mux0|mux_joc:auto_generated|_~80             ; out0             ;
; |MealyFSM|NextState:NextState_inst0|lpm_mux:Mux0|mux_joc:auto_generated|_~82             ; |MealyFSM|NextState:NextState_inst0|lpm_mux:Mux0|mux_joc:auto_generated|_~82             ; out0             ;
; |MealyFSM|NextState:NextState_inst0|lpm_mux:Mux0|mux_joc:auto_generated|_~84             ; |MealyFSM|NextState:NextState_inst0|lpm_mux:Mux0|mux_joc:auto_generated|_~84             ; out0             ;
; |MealyFSM|NextState:NextState_inst0|lpm_mux:Mux0|mux_joc:auto_generated|_~86             ; |MealyFSM|NextState:NextState_inst0|lpm_mux:Mux0|mux_joc:auto_generated|_~86             ; out0             ;
; |MealyFSM|NextState:NextState_inst0|lpm_mux:Mux0|mux_joc:auto_generated|_~87             ; |MealyFSM|NextState:NextState_inst0|lpm_mux:Mux0|mux_joc:auto_generated|_~87             ; out0             ;
; |MealyFSM|NextState:NextState_inst0|lpm_mux:Mux0|mux_joc:auto_generated|_~88             ; |MealyFSM|NextState:NextState_inst0|lpm_mux:Mux0|mux_joc:auto_generated|_~88             ; out0             ;
; |MealyFSM|NextState:NextState_inst0|lpm_mux:Mux0|mux_joc:auto_generated|_~89             ; |MealyFSM|NextState:NextState_inst0|lpm_mux:Mux0|mux_joc:auto_generated|_~89             ; out0             ;
; |MealyFSM|NextState:NextState_inst0|lpm_mux:Mux0|mux_joc:auto_generated|_~90             ; |MealyFSM|NextState:NextState_inst0|lpm_mux:Mux0|mux_joc:auto_generated|_~90             ; out0             ;
; |MealyFSM|NextState:NextState_inst0|lpm_mux:Mux0|mux_joc:auto_generated|_~91             ; |MealyFSM|NextState:NextState_inst0|lpm_mux:Mux0|mux_joc:auto_generated|_~91             ; out0             ;
; |MealyFSM|NextState:NextState_inst0|lpm_mux:Mux0|mux_joc:auto_generated|_~92             ; |MealyFSM|NextState:NextState_inst0|lpm_mux:Mux0|mux_joc:auto_generated|_~92             ; out0             ;
; |MealyFSM|NextState:NextState_inst0|lpm_mux:Mux0|mux_joc:auto_generated|_~93             ; |MealyFSM|NextState:NextState_inst0|lpm_mux:Mux0|mux_joc:auto_generated|_~93             ; out0             ;
; |MealyFSM|NextState:NextState_inst0|lpm_mux:Mux0|mux_joc:auto_generated|_~94             ; |MealyFSM|NextState:NextState_inst0|lpm_mux:Mux0|mux_joc:auto_generated|_~94             ; out0             ;
; |MealyFSM|NextState:NextState_inst0|lpm_mux:Mux0|mux_joc:auto_generated|_~96             ; |MealyFSM|NextState:NextState_inst0|lpm_mux:Mux0|mux_joc:auto_generated|_~96             ; out0             ;
; |MealyFSM|NextState:NextState_inst0|lpm_mux:Mux0|mux_joc:auto_generated|_~97             ; |MealyFSM|NextState:NextState_inst0|lpm_mux:Mux0|mux_joc:auto_generated|_~97             ; out0             ;
; |MealyFSM|NextState:NextState_inst0|lpm_mux:Mux0|mux_joc:auto_generated|_~98             ; |MealyFSM|NextState:NextState_inst0|lpm_mux:Mux0|mux_joc:auto_generated|_~98             ; out0             ;
; |MealyFSM|NextState:NextState_inst0|lpm_mux:Mux0|mux_joc:auto_generated|_~100            ; |MealyFSM|NextState:NextState_inst0|lpm_mux:Mux0|mux_joc:auto_generated|_~100            ; out0             ;
; |MealyFSM|NextState:NextState_inst0|lpm_mux:Mux0|mux_joc:auto_generated|_~102            ; |MealyFSM|NextState:NextState_inst0|lpm_mux:Mux0|mux_joc:auto_generated|_~102            ; out0             ;
; |MealyFSM|NextState:NextState_inst0|lpm_mux:Mux0|mux_joc:auto_generated|_~103            ; |MealyFSM|NextState:NextState_inst0|lpm_mux:Mux0|mux_joc:auto_generated|_~103            ; out0             ;
; |MealyFSM|NextState:NextState_inst0|lpm_mux:Mux0|mux_joc:auto_generated|_~104            ; |MealyFSM|NextState:NextState_inst0|lpm_mux:Mux0|mux_joc:auto_generated|_~104            ; out0             ;
; |MealyFSM|NextState:NextState_inst0|lpm_mux:Mux0|mux_joc:auto_generated|_~105            ; |MealyFSM|NextState:NextState_inst0|lpm_mux:Mux0|mux_joc:auto_generated|_~105            ; out0             ;
; |MealyFSM|NextState:NextState_inst0|lpm_mux:Mux0|mux_joc:auto_generated|_~106            ; |MealyFSM|NextState:NextState_inst0|lpm_mux:Mux0|mux_joc:auto_generated|_~106            ; out0             ;
; |MealyFSM|NextState:NextState_inst0|lpm_mux:Mux0|mux_joc:auto_generated|_~107            ; |MealyFSM|NextState:NextState_inst0|lpm_mux:Mux0|mux_joc:auto_generated|_~107            ; out0             ;
; |MealyFSM|NextState:NextState_inst0|lpm_mux:Mux0|mux_joc:auto_generated|_~109            ; |MealyFSM|NextState:NextState_inst0|lpm_mux:Mux0|mux_joc:auto_generated|_~109            ; out0             ;
; |MealyFSM|NextState:NextState_inst0|lpm_mux:Mux0|mux_joc:auto_generated|_~111            ; |MealyFSM|NextState:NextState_inst0|lpm_mux:Mux0|mux_joc:auto_generated|_~111            ; out0             ;
; |MealyFSM|NextState:NextState_inst0|lpm_mux:Mux0|mux_joc:auto_generated|_~112            ; |MealyFSM|NextState:NextState_inst0|lpm_mux:Mux0|mux_joc:auto_generated|_~112            ; out0             ;
; |MealyFSM|NextState:NextState_inst0|lpm_mux:Mux0|mux_joc:auto_generated|_~113            ; |MealyFSM|NextState:NextState_inst0|lpm_mux:Mux0|mux_joc:auto_generated|_~113            ; out0             ;
; |MealyFSM|NextState:NextState_inst0|lpm_mux:Mux0|mux_joc:auto_generated|_~114            ; |MealyFSM|NextState:NextState_inst0|lpm_mux:Mux0|mux_joc:auto_generated|_~114            ; out0             ;
; |MealyFSM|NextState:NextState_inst0|lpm_mux:Mux0|mux_joc:auto_generated|_~115            ; |MealyFSM|NextState:NextState_inst0|lpm_mux:Mux0|mux_joc:auto_generated|_~115            ; out0             ;
; |MealyFSM|NextState:NextState_inst0|lpm_mux:Mux0|mux_joc:auto_generated|_~117            ; |MealyFSM|NextState:NextState_inst0|lpm_mux:Mux0|mux_joc:auto_generated|_~117            ; out0             ;
; |MealyFSM|NextState:NextState_inst0|lpm_mux:Mux0|mux_joc:auto_generated|_~118            ; |MealyFSM|NextState:NextState_inst0|lpm_mux:Mux0|mux_joc:auto_generated|_~118            ; out0             ;
; |MealyFSM|NextState:NextState_inst0|lpm_mux:Mux0|mux_joc:auto_generated|_~119            ; |MealyFSM|NextState:NextState_inst0|lpm_mux:Mux0|mux_joc:auto_generated|_~119            ; out0             ;
; |MealyFSM|NextState:NextState_inst0|lpm_mux:Mux0|mux_joc:auto_generated|_~120            ; |MealyFSM|NextState:NextState_inst0|lpm_mux:Mux0|mux_joc:auto_generated|_~120            ; out0             ;
; |MealyFSM|NextState:NextState_inst0|lpm_mux:Mux0|mux_joc:auto_generated|_~122            ; |MealyFSM|NextState:NextState_inst0|lpm_mux:Mux0|mux_joc:auto_generated|_~122            ; out0             ;
; |MealyFSM|NextState:NextState_inst0|lpm_mux:Mux0|mux_joc:auto_generated|_~124            ; |MealyFSM|NextState:NextState_inst0|lpm_mux:Mux0|mux_joc:auto_generated|_~124            ; out0             ;
; |MealyFSM|NextState:NextState_inst0|lpm_mux:Mux0|mux_joc:auto_generated|_~126            ; |MealyFSM|NextState:NextState_inst0|lpm_mux:Mux0|mux_joc:auto_generated|_~126            ; out0             ;
; |MealyFSM|NextState:NextState_inst0|lpm_mux:Mux0|mux_joc:auto_generated|_~127            ; |MealyFSM|NextState:NextState_inst0|lpm_mux:Mux0|mux_joc:auto_generated|_~127            ; out0             ;
; |MealyFSM|NextState:NextState_inst0|lpm_mux:Mux0|mux_joc:auto_generated|_~128            ; |MealyFSM|NextState:NextState_inst0|lpm_mux:Mux0|mux_joc:auto_generated|_~128            ; out0             ;
; |MealyFSM|NextState:NextState_inst0|lpm_mux:Mux0|mux_joc:auto_generated|_~129            ; |MealyFSM|NextState:NextState_inst0|lpm_mux:Mux0|mux_joc:auto_generated|_~129            ; out0             ;
; |MealyFSM|NextState:NextState_inst0|lpm_mux:Mux0|mux_joc:auto_generated|_~131            ; |MealyFSM|NextState:NextState_inst0|lpm_mux:Mux0|mux_joc:auto_generated|_~131            ; out0             ;
; |MealyFSM|NextState:NextState_inst0|lpm_mux:Mux0|mux_joc:auto_generated|_~133            ; |MealyFSM|NextState:NextState_inst0|lpm_mux:Mux0|mux_joc:auto_generated|_~133            ; out0             ;
; |MealyFSM|NextState:NextState_inst0|lpm_mux:Mux0|mux_joc:auto_generated|_~135            ; |MealyFSM|NextState:NextState_inst0|lpm_mux:Mux0|mux_joc:auto_generated|_~135            ; out0             ;
; |MealyFSM|NextState:NextState_inst0|lpm_mux:Mux0|mux_joc:auto_generated|_~136            ; |MealyFSM|NextState:NextState_inst0|lpm_mux:Mux0|mux_joc:auto_generated|_~136            ; out0             ;
; |MealyFSM|NextState:NextState_inst0|lpm_mux:Mux0|mux_joc:auto_generated|_~137            ; |MealyFSM|NextState:NextState_inst0|lpm_mux:Mux0|mux_joc:auto_generated|_~137            ; out0             ;
; |MealyFSM|NextState:NextState_inst0|lpm_mux:Mux0|mux_joc:auto_generated|_~138            ; |MealyFSM|NextState:NextState_inst0|lpm_mux:Mux0|mux_joc:auto_generated|_~138            ; out0             ;
; |MealyFSM|NextState:NextState_inst0|lpm_mux:Mux0|mux_joc:auto_generated|_~139            ; |MealyFSM|NextState:NextState_inst0|lpm_mux:Mux0|mux_joc:auto_generated|_~139            ; out0             ;
; |MealyFSM|NextState:NextState_inst0|lpm_mux:Mux0|mux_joc:auto_generated|result_node[0]~1 ; |MealyFSM|NextState:NextState_inst0|lpm_mux:Mux0|mux_joc:auto_generated|result_node[0]~1 ; out0             ;
; |MealyFSM|NextState:NextState_inst0|lpm_mux:Mux0|mux_joc:auto_generated|result_node[0]   ; |MealyFSM|NextState:NextState_inst0|lpm_mux:Mux0|mux_joc:auto_generated|result_node[0]   ; out0             ;
+------------------------------------------------------------------------------------------+------------------------------------------------------------------------------------------+------------------+


The following table displays output ports that do not toggle to 1 during simulation.
+--------------------------------------------------------------------------------------------------------------------------------------------------------------------------------------------------------+
; Missing 1-Value Coverage                                                                                                                                                                               ;
+------------------------------------------------------------------------------------------+------------------------------------------------------------------------------------------+------------------+
; Node Name                                                                                ; Output Port Name                                                                         ; Output Port Type ;
+------------------------------------------------------------------------------------------+------------------------------------------------------------------------------------------+------------------+
; |MealyFSM|MealyFSM_i[2]                                                                  ; |MealyFSM|MealyFSM_i[2]                                                                  ; out              ;
; |MealyFSM|NextState:NextState_inst0|lpm_mux:Mux1|mux_joc:auto_generated|_~0              ; |MealyFSM|NextState:NextState_inst0|lpm_mux:Mux1|mux_joc:auto_generated|_~0              ; out0             ;
; |MealyFSM|NextState:NextState_inst0|lpm_mux:Mux1|mux_joc:auto_generated|_~2              ; |MealyFSM|NextState:NextState_inst0|lpm_mux:Mux1|mux_joc:auto_generated|_~2              ; out0             ;
; |MealyFSM|NextState:NextState_inst0|lpm_mux:Mux1|mux_joc:auto_generated|_~4              ; |MealyFSM|NextState:NextState_inst0|lpm_mux:Mux1|mux_joc:auto_generated|_~4              ; out0             ;
; |MealyFSM|NextState:NextState_inst0|lpm_mux:Mux1|mux_joc:auto_generated|_~9              ; |MealyFSM|NextState:NextState_inst0|lpm_mux:Mux1|mux_joc:auto_generated|_~9              ; out0             ;
; |MealyFSM|NextState:NextState_inst0|lpm_mux:Mux1|mux_joc:auto_generated|_~11             ; |MealyFSM|NextState:NextState_inst0|lpm_mux:Mux1|mux_joc:auto_generated|_~11             ; out0             ;
; |MealyFSM|NextState:NextState_inst0|lpm_mux:Mux1|mux_joc:auto_generated|_~13             ; |MealyFSM|NextState:NextState_inst0|lpm_mux:Mux1|mux_joc:auto_generated|_~13             ; out0             ;
; |MealyFSM|NextState:NextState_inst0|lpm_mux:Mux1|mux_joc:auto_generated|_~19             ; |MealyFSM|NextState:NextState_inst0|lpm_mux:Mux1|mux_joc:auto_generated|_~19             ; out0             ;
; |MealyFSM|NextState:NextState_inst0|lpm_mux:Mux1|mux_joc:auto_generated|_~20             ; |MealyFSM|NextState:NextState_inst0|lpm_mux:Mux1|mux_joc:auto_generated|_~20             ; out0             ;
; |MealyFSM|NextState:NextState_inst0|lpm_mux:Mux1|mux_joc:auto_generated|_~21             ; |MealyFSM|NextState:NextState_inst0|lpm_mux:Mux1|mux_joc:auto_generated|_~21             ; out0             ;
; |MealyFSM|NextState:NextState_inst0|lpm_mux:Mux1|mux_joc:auto_generated|_~24             ; |MealyFSM|NextState:NextState_inst0|lpm_mux:Mux1|mux_joc:auto_generated|_~24             ; out0             ;
; |MealyFSM|NextState:NextState_inst0|lpm_mux:Mux1|mux_joc:auto_generated|_~26             ; |MealyFSM|NextState:NextState_inst0|lpm_mux:Mux1|mux_joc:auto_generated|_~26             ; out0             ;
; |MealyFSM|NextState:NextState_inst0|lpm_mux:Mux1|mux_joc:auto_generated|_~33             ; |MealyFSM|NextState:NextState_inst0|lpm_mux:Mux1|mux_joc:auto_generated|_~33             ; out0             ;
; |MealyFSM|NextState:NextState_inst0|lpm_mux:Mux1|mux_joc:auto_generated|_~35             ; |MealyFSM|NextState:NextState_inst0|lpm_mux:Mux1|mux_joc:auto_generated|_~35             ; out0             ;
; |MealyFSM|NextState:NextState_inst0|lpm_mux:Mux1|mux_joc:auto_generated|_~41             ; |MealyFSM|NextState:NextState_inst0|lpm_mux:Mux1|mux_joc:auto_generated|_~41             ; out0             ;
; |MealyFSM|NextState:NextState_inst0|lpm_mux:Mux1|mux_joc:auto_generated|_~45             ; |MealyFSM|NextState:NextState_inst0|lpm_mux:Mux1|mux_joc:auto_generated|_~45             ; out0             ;
; |MealyFSM|NextState:NextState_inst0|lpm_mux:Mux1|mux_joc:auto_generated|_~49             ; |MealyFSM|NextState:NextState_inst0|lpm_mux:Mux1|mux_joc:auto_generated|_~49             ; out0             ;
; |MealyFSM|NextState:NextState_inst0|lpm_mux:Mux1|mux_joc:auto_generated|_~51             ; |MealyFSM|NextState:NextState_inst0|lpm_mux:Mux1|mux_joc:auto_generated|_~51             ; out0             ;
; |MealyFSM|NextState:NextState_inst0|lpm_mux:Mux1|mux_joc:auto_generated|_~58             ; |MealyFSM|NextState:NextState_inst0|lpm_mux:Mux1|mux_joc:auto_generated|_~58             ; out0             ;
; |MealyFSM|NextState:NextState_inst0|lpm_mux:Mux1|mux_joc:auto_generated|_~60             ; |MealyFSM|NextState:NextState_inst0|lpm_mux:Mux1|mux_joc:auto_generated|_~60             ; out0             ;
; |MealyFSM|NextState:NextState_inst0|lpm_mux:Mux1|mux_joc:auto_generated|_~66             ; |MealyFSM|NextState:NextState_inst0|lpm_mux:Mux1|mux_joc:auto_generated|_~66             ; out0             ;
; |MealyFSM|NextState:NextState_inst0|lpm_mux:Mux1|mux_joc:auto_generated|result_node[0]~0 ; |MealyFSM|NextState:NextState_inst0|lpm_mux:Mux1|mux_joc:auto_generated|result_node[0]~0 ; out0             ;
; |MealyFSM|NextState:NextState_inst0|lpm_mux:Mux1|mux_joc:auto_generated|_~74             ; |MealyFSM|NextState:NextState_inst0|lpm_mux:Mux1|mux_joc:auto_generated|_~74             ; out0             ;
; |MealyFSM|NextState:NextState_inst0|lpm_mux:Mux1|mux_joc:auto_generated|_~76             ; |MealyFSM|NextState:NextState_inst0|lpm_mux:Mux1|mux_joc:auto_generated|_~76             ; out0             ;
; |MealyFSM|NextState:NextState_inst0|lpm_mux:Mux1|mux_joc:auto_generated|_~83             ; |MealyFSM|NextState:NextState_inst0|lpm_mux:Mux1|mux_joc:auto_generated|_~83             ; out0             ;
; |MealyFSM|NextState:NextState_inst0|lpm_mux:Mux1|mux_joc:auto_generated|_~85             ; |MealyFSM|NextState:NextState_inst0|lpm_mux:Mux1|mux_joc:auto_generated|_~85             ; out0             ;
; |MealyFSM|NextState:NextState_inst0|lpm_mux:Mux1|mux_joc:auto_generated|_~91             ; |MealyFSM|NextState:NextState_inst0|lpm_mux:Mux1|mux_joc:auto_generated|_~91             ; out0             ;
; |MealyFSM|NextState:NextState_inst0|lpm_mux:Mux1|mux_joc:auto_generated|_~95             ; |MealyFSM|NextState:NextState_inst0|lpm_mux:Mux1|mux_joc:auto_generated|_~95             ; out0             ;
; |MealyFSM|NextState:NextState_inst0|lpm_mux:Mux1|mux_joc:auto_generated|_~99             ; |MealyFSM|NextState:NextState_inst0|lpm_mux:Mux1|mux_joc:auto_generated|_~99             ; out0             ;
; |MealyFSM|NextState:NextState_inst0|lpm_mux:Mux1|mux_joc:auto_generated|_~101            ; |MealyFSM|NextState:NextState_inst0|lpm_mux:Mux1|mux_joc:auto_generated|_~101            ; out0             ;
; |MealyFSM|NextState:NextState_inst0|lpm_mux:Mux1|mux_joc:auto_generated|_~108            ; |MealyFSM|NextState:NextState_inst0|lpm_mux:Mux1|mux_joc:auto_generated|_~108            ; out0             ;
; |MealyFSM|NextState:NextState_inst0|lpm_mux:Mux1|mux_joc:auto_generated|_~110            ; |MealyFSM|NextState:NextState_inst0|lpm_mux:Mux1|mux_joc:auto_generated|_~110            ; out0             ;
; |MealyFSM|NextState:NextState_inst0|lpm_mux:Mux1|mux_joc:auto_generated|_~116            ; |MealyFSM|NextState:NextState_inst0|lpm_mux:Mux1|mux_joc:auto_generated|_~116            ; out0             ;
; |MealyFSM|NextState:NextState_inst0|lpm_mux:Mux1|mux_joc:auto_generated|_~121            ; |MealyFSM|NextState:NextState_inst0|lpm_mux:Mux1|mux_joc:auto_generated|_~121            ; out0             ;
; |MealyFSM|NextState:NextState_inst0|lpm_mux:Mux1|mux_joc:auto_generated|_~123            ; |MealyFSM|NextState:NextState_inst0|lpm_mux:Mux1|mux_joc:auto_generated|_~123            ; out0             ;
; |MealyFSM|NextState:NextState_inst0|lpm_mux:Mux1|mux_joc:auto_generated|_~125            ; |MealyFSM|NextState:NextState_inst0|lpm_mux:Mux1|mux_joc:auto_generated|_~125            ; out0             ;
; |MealyFSM|NextState:NextState_inst0|lpm_mux:Mux1|mux_joc:auto_generated|_~130            ; |MealyFSM|NextState:NextState_inst0|lpm_mux:Mux1|mux_joc:auto_generated|_~130            ; out0             ;
; |MealyFSM|NextState:NextState_inst0|lpm_mux:Mux1|mux_joc:auto_generated|_~132            ; |MealyFSM|NextState:NextState_inst0|lpm_mux:Mux1|mux_joc:auto_generated|_~132            ; out0             ;
; |MealyFSM|NextState:NextState_inst0|lpm_mux:Mux1|mux_joc:auto_generated|_~134            ; |MealyFSM|NextState:NextState_inst0|lpm_mux:Mux1|mux_joc:auto_generated|_~134            ; out0             ;
; |MealyFSM|NextState:NextState_inst0|lpm_mux:Mux1|mux_joc:auto_generated|_~140            ; |MealyFSM|NextState:NextState_inst0|lpm_mux:Mux1|mux_joc:auto_generated|_~140            ; out0             ;
; |MealyFSM|NextState:NextState_inst0|lpm_mux:Mux1|mux_joc:auto_generated|_~141            ; |MealyFSM|NextState:NextState_inst0|lpm_mux:Mux1|mux_joc:auto_generated|_~141            ; out0             ;
; |MealyFSM|NextState:NextState_inst0|lpm_mux:Mux1|mux_joc:auto_generated|_~142            ; |MealyFSM|NextState:NextState_inst0|lpm_mux:Mux1|mux_joc:auto_generated|_~142            ; out0             ;
; |MealyFSM|NextState:NextState_inst0|lpm_mux:Mux1|mux_joc:auto_generated|_~143            ; |MealyFSM|NextState:NextState_inst0|lpm_mux:Mux1|mux_joc:auto_generated|_~143            ; out0             ;
; |MealyFSM|NextState:NextState_inst0|lpm_mux:Mux0|mux_joc:auto_generated|_~0              ; |MealyFSM|NextState:NextState_inst0|lpm_mux:Mux0|mux_joc:auto_generated|_~0              ; out0             ;
; |MealyFSM|NextState:NextState_inst0|lpm_mux:Mux0|mux_joc:auto_generated|_~2              ; |MealyFSM|NextState:NextState_inst0|lpm_mux:Mux0|mux_joc:auto_generated|_~2              ; out0             ;
; |MealyFSM|NextState:NextState_inst0|lpm_mux:Mux0|mux_joc:auto_generated|_~4              ; |MealyFSM|NextState:NextState_inst0|lpm_mux:Mux0|mux_joc:auto_generated|_~4              ; out0             ;
; |MealyFSM|NextState:NextState_inst0|lpm_mux:Mux0|mux_joc:auto_generated|_~9              ; |MealyFSM|NextState:NextState_inst0|lpm_mux:Mux0|mux_joc:auto_generated|_~9              ; out0             ;
; |MealyFSM|NextState:NextState_inst0|lpm_mux:Mux0|mux_joc:auto_generated|_~11             ; |MealyFSM|NextState:NextState_inst0|lpm_mux:Mux0|mux_joc:auto_generated|_~11             ; out0             ;
; |MealyFSM|NextState:NextState_inst0|lpm_mux:Mux0|mux_joc:auto_generated|_~13             ; |MealyFSM|NextState:NextState_inst0|lpm_mux:Mux0|mux_joc:auto_generated|_~13             ; out0             ;
; |MealyFSM|NextState:NextState_inst0|lpm_mux:Mux0|mux_joc:auto_generated|_~19             ; |MealyFSM|NextState:NextState_inst0|lpm_mux:Mux0|mux_joc:auto_generated|_~19             ; out0             ;
; |MealyFSM|NextState:NextState_inst0|lpm_mux:Mux0|mux_joc:auto_generated|_~20             ; |MealyFSM|NextState:NextState_inst0|lpm_mux:Mux0|mux_joc:auto_generated|_~20             ; out0             ;
; |MealyFSM|NextState:NextState_inst0|lpm_mux:Mux0|mux_joc:auto_generated|_~21             ; |MealyFSM|NextState:NextState_inst0|lpm_mux:Mux0|mux_joc:auto_generated|_~21             ; out0             ;
; |MealyFSM|NextState:NextState_inst0|lpm_mux:Mux0|mux_joc:auto_generated|_~22             ; |MealyFSM|NextState:NextState_inst0|lpm_mux:Mux0|mux_joc:auto_generated|_~22             ; out0             ;
; |MealyFSM|NextState:NextState_inst0|lpm_mux:Mux0|mux_joc:auto_generated|_~24             ; |MealyFSM|NextState:NextState_inst0|lpm_mux:Mux0|mux_joc:auto_generated|_~24             ; out0             ;
; |MealyFSM|NextState:NextState_inst0|lpm_mux:Mux0|mux_joc:auto_generated|_~26             ; |MealyFSM|NextState:NextState_inst0|lpm_mux:Mux0|mux_joc:auto_generated|_~26             ; out0             ;
; |MealyFSM|NextState:NextState_inst0|lpm_mux:Mux0|mux_joc:auto_generated|_~31             ; |MealyFSM|NextState:NextState_inst0|lpm_mux:Mux0|mux_joc:auto_generated|_~31             ; out0             ;
; |MealyFSM|NextState:NextState_inst0|lpm_mux:Mux0|mux_joc:auto_generated|_~33             ; |MealyFSM|NextState:NextState_inst0|lpm_mux:Mux0|mux_joc:auto_generated|_~33             ; out0             ;
; |MealyFSM|NextState:NextState_inst0|lpm_mux:Mux0|mux_joc:auto_generated|_~35             ; |MealyFSM|NextState:NextState_inst0|lpm_mux:Mux0|mux_joc:auto_generated|_~35             ; out0             ;
; |MealyFSM|NextState:NextState_inst0|lpm_mux:Mux0|mux_joc:auto_generated|_~45             ; |MealyFSM|NextState:NextState_inst0|lpm_mux:Mux0|mux_joc:auto_generated|_~45             ; out0             ;
; |MealyFSM|NextState:NextState_inst0|lpm_mux:Mux0|mux_joc:auto_generated|_~49             ; |MealyFSM|NextState:NextState_inst0|lpm_mux:Mux0|mux_joc:auto_generated|_~49             ; out0             ;
; |MealyFSM|NextState:NextState_inst0|lpm_mux:Mux0|mux_joc:auto_generated|_~51             ; |MealyFSM|NextState:NextState_inst0|lpm_mux:Mux0|mux_joc:auto_generated|_~51             ; out0             ;
; |MealyFSM|NextState:NextState_inst0|lpm_mux:Mux0|mux_joc:auto_generated|_~58             ; |MealyFSM|NextState:NextState_inst0|lpm_mux:Mux0|mux_joc:auto_generated|_~58             ; out0             ;
; |MealyFSM|NextState:NextState_inst0|lpm_mux:Mux0|mux_joc:auto_generated|_~60             ; |MealyFSM|NextState:NextState_inst0|lpm_mux:Mux0|mux_joc:auto_generated|_~60             ; out0             ;
; |MealyFSM|NextState:NextState_inst0|lpm_mux:Mux0|mux_joc:auto_generated|_~66             ; |MealyFSM|NextState:NextState_inst0|lpm_mux:Mux0|mux_joc:auto_generated|_~66             ; out0             ;
; |MealyFSM|NextState:NextState_inst0|lpm_mux:Mux0|mux_joc:auto_generated|result_node[0]~0 ; |MealyFSM|NextState:NextState_inst0|lpm_mux:Mux0|mux_joc:auto_generated|result_node[0]~0 ; out0             ;
; |MealyFSM|NextState:NextState_inst0|lpm_mux:Mux0|mux_joc:auto_generated|_~72             ; |MealyFSM|NextState:NextState_inst0|lpm_mux:Mux0|mux_joc:auto_generated|_~72             ; out0             ;
; |MealyFSM|NextState:NextState_inst0|lpm_mux:Mux0|mux_joc:auto_generated|_~74             ; |MealyFSM|NextState:NextState_inst0|lpm_mux:Mux0|mux_joc:auto_generated|_~74             ; out0             ;
; |MealyFSM|NextState:NextState_inst0|lpm_mux:Mux0|mux_joc:auto_generated|_~76             ; |MealyFSM|NextState:NextState_inst0|lpm_mux:Mux0|mux_joc:auto_generated|_~76             ; out0             ;
; |MealyFSM|NextState:NextState_inst0|lpm_mux:Mux0|mux_joc:auto_generated|_~81             ; |MealyFSM|NextState:NextState_inst0|lpm_mux:Mux0|mux_joc:auto_generated|_~81             ; out0             ;
; |MealyFSM|NextState:NextState_inst0|lpm_mux:Mux0|mux_joc:auto_generated|_~83             ; |MealyFSM|NextState:NextState_inst0|lpm_mux:Mux0|mux_joc:auto_generated|_~83             ; out0             ;
; |MealyFSM|NextState:NextState_inst0|lpm_mux:Mux0|mux_joc:auto_generated|_~85             ; |MealyFSM|NextState:NextState_inst0|lpm_mux:Mux0|mux_joc:auto_generated|_~85             ; out0             ;
; |MealyFSM|NextState:NextState_inst0|lpm_mux:Mux0|mux_joc:auto_generated|_~95             ; |MealyFSM|NextState:NextState_inst0|lpm_mux:Mux0|mux_joc:auto_generated|_~95             ; out0             ;
; |MealyFSM|NextState:NextState_inst0|lpm_mux:Mux0|mux_joc:auto_generated|_~99             ; |MealyFSM|NextState:NextState_inst0|lpm_mux:Mux0|mux_joc:auto_generated|_~99             ; out0             ;
; |MealyFSM|NextState:NextState_inst0|lpm_mux:Mux0|mux_joc:auto_generated|_~101            ; |MealyFSM|NextState:NextState_inst0|lpm_mux:Mux0|mux_joc:auto_generated|_~101            ; out0             ;
; |MealyFSM|NextState:NextState_inst0|lpm_mux:Mux0|mux_joc:auto_generated|_~108            ; |MealyFSM|NextState:NextState_inst0|lpm_mux:Mux0|mux_joc:auto_generated|_~108            ; out0             ;
; |MealyFSM|NextState:NextState_inst0|lpm_mux:Mux0|mux_joc:auto_generated|_~110            ; |MealyFSM|NextState:NextState_inst0|lpm_mux:Mux0|mux_joc:auto_generated|_~110            ; out0             ;
; |MealyFSM|NextState:NextState_inst0|lpm_mux:Mux0|mux_joc:auto_generated|_~116            ; |MealyFSM|NextState:NextState_inst0|lpm_mux:Mux0|mux_joc:auto_generated|_~116            ; out0             ;
; |MealyFSM|NextState:NextState_inst0|lpm_mux:Mux0|mux_joc:auto_generated|_~121            ; |MealyFSM|NextState:NextState_inst0|lpm_mux:Mux0|mux_joc:auto_generated|_~121            ; out0             ;
; |MealyFSM|NextState:NextState_inst0|lpm_mux:Mux0|mux_joc:auto_generated|_~123            ; |MealyFSM|NextState:NextState_inst0|lpm_mux:Mux0|mux_joc:auto_generated|_~123            ; out0             ;
; |MealyFSM|NextState:NextState_inst0|lpm_mux:Mux0|mux_joc:auto_generated|_~125            ; |MealyFSM|NextState:NextState_inst0|lpm_mux:Mux0|mux_joc:auto_generated|_~125            ; out0             ;
; |MealyFSM|NextState:NextState_inst0|lpm_mux:Mux0|mux_joc:auto_generated|_~130            ; |MealyFSM|NextState:NextState_inst0|lpm_mux:Mux0|mux_joc:auto_generated|_~130            ; out0             ;
; |MealyFSM|NextState:NextState_inst0|lpm_mux:Mux0|mux_joc:auto_generated|_~132            ; |MealyFSM|NextState:NextState_inst0|lpm_mux:Mux0|mux_joc:auto_generated|_~132            ; out0             ;
; |MealyFSM|NextState:NextState_inst0|lpm_mux:Mux0|mux_joc:auto_generated|_~134            ; |MealyFSM|NextState:NextState_inst0|lpm_mux:Mux0|mux_joc:auto_generated|_~134            ; out0             ;
; |MealyFSM|NextState:NextState_inst0|lpm_mux:Mux0|mux_joc:auto_generated|_~140            ; |MealyFSM|NextState:NextState_inst0|lpm_mux:Mux0|mux_joc:auto_generated|_~140            ; out0             ;
; |MealyFSM|NextState:NextState_inst0|lpm_mux:Mux0|mux_joc:auto_generated|_~141            ; |MealyFSM|NextState:NextState_inst0|lpm_mux:Mux0|mux_joc:auto_generated|_~141            ; out0             ;
; |MealyFSM|NextState:NextState_inst0|lpm_mux:Mux0|mux_joc:auto_generated|_~142            ; |MealyFSM|NextState:NextState_inst0|lpm_mux:Mux0|mux_joc:auto_generated|_~142            ; out0             ;
; |MealyFSM|NextState:NextState_inst0|lpm_mux:Mux0|mux_joc:auto_generated|_~143            ; |MealyFSM|NextState:NextState_inst0|lpm_mux:Mux0|mux_joc:auto_generated|_~143            ; out0             ;
+------------------------------------------------------------------------------------------+------------------------------------------------------------------------------------------+------------------+


The following table displays output ports that do not toggle to 0 during simulation.
+--------------------------------------------------------------------------------------------------------------------------------------------------------------------------------------------------------+
; Missing 0-Value Coverage                                                                                                                                                                               ;
+------------------------------------------------------------------------------------------+------------------------------------------------------------------------------------------+------------------+
; Node Name                                                                                ; Output Port Name                                                                         ; Output Port Type ;
+------------------------------------------------------------------------------------------+------------------------------------------------------------------------------------------+------------------+
; |MealyFSM|MealyFSM_i[2]                                                                  ; |MealyFSM|MealyFSM_i[2]                                                                  ; out              ;
; |MealyFSM|NextState:NextState_inst0|lpm_mux:Mux1|mux_joc:auto_generated|_~0              ; |MealyFSM|NextState:NextState_inst0|lpm_mux:Mux1|mux_joc:auto_generated|_~0              ; out0             ;
; |MealyFSM|NextState:NextState_inst0|lpm_mux:Mux1|mux_joc:auto_generated|_~2              ; |MealyFSM|NextState:NextState_inst0|lpm_mux:Mux1|mux_joc:auto_generated|_~2              ; out0             ;
; |MealyFSM|NextState:NextState_inst0|lpm_mux:Mux1|mux_joc:auto_generated|_~4              ; |MealyFSM|NextState:NextState_inst0|lpm_mux:Mux1|mux_joc:auto_generated|_~4              ; out0             ;
; |MealyFSM|NextState:NextState_inst0|lpm_mux:Mux1|mux_joc:auto_generated|_~9              ; |MealyFSM|NextState:NextState_inst0|lpm_mux:Mux1|mux_joc:auto_generated|_~9              ; out0             ;
; |MealyFSM|NextState:NextState_inst0|lpm_mux:Mux1|mux_joc:auto_generated|_~11             ; |MealyFSM|NextState:NextState_inst0|lpm_mux:Mux1|mux_joc:auto_generated|_~11             ; out0             ;
; |MealyFSM|NextState:NextState_inst0|lpm_mux:Mux1|mux_joc:auto_generated|_~13             ; |MealyFSM|NextState:NextState_inst0|lpm_mux:Mux1|mux_joc:auto_generated|_~13             ; out0             ;
; |MealyFSM|NextState:NextState_inst0|lpm_mux:Mux1|mux_joc:auto_generated|_~19             ; |MealyFSM|NextState:NextState_inst0|lpm_mux:Mux1|mux_joc:auto_generated|_~19             ; out0             ;
; |MealyFSM|NextState:NextState_inst0|lpm_mux:Mux1|mux_joc:auto_generated|_~20             ; |MealyFSM|NextState:NextState_inst0|lpm_mux:Mux1|mux_joc:auto_generated|_~20             ; out0             ;
; |MealyFSM|NextState:NextState_inst0|lpm_mux:Mux1|mux_joc:auto_generated|_~21             ; |MealyFSM|NextState:NextState_inst0|lpm_mux:Mux1|mux_joc:auto_generated|_~21             ; out0             ;
; |MealyFSM|NextState:NextState_inst0|lpm_mux:Mux1|mux_joc:auto_generated|_~24             ; |MealyFSM|NextState:NextState_inst0|lpm_mux:Mux1|mux_joc:auto_generated|_~24             ; out0             ;
; |MealyFSM|NextState:NextState_inst0|lpm_mux:Mux1|mux_joc:auto_generated|_~26             ; |MealyFSM|NextState:NextState_inst0|lpm_mux:Mux1|mux_joc:auto_generated|_~26             ; out0             ;
; |MealyFSM|NextState:NextState_inst0|lpm_mux:Mux1|mux_joc:auto_generated|_~33             ; |MealyFSM|NextState:NextState_inst0|lpm_mux:Mux1|mux_joc:auto_generated|_~33             ; out0             ;
; |MealyFSM|NextState:NextState_inst0|lpm_mux:Mux1|mux_joc:auto_generated|_~35             ; |MealyFSM|NextState:NextState_inst0|lpm_mux:Mux1|mux_joc:auto_generated|_~35             ; out0             ;
; |MealyFSM|NextState:NextState_inst0|lpm_mux:Mux1|mux_joc:auto_generated|_~41             ; |MealyFSM|NextState:NextState_inst0|lpm_mux:Mux1|mux_joc:auto_generated|_~41             ; out0             ;
; |MealyFSM|NextState:NextState_inst0|lpm_mux:Mux1|mux_joc:auto_generated|_~45             ; |MealyFSM|NextState:NextState_inst0|lpm_mux:Mux1|mux_joc:auto_generated|_~45             ; out0             ;
; |MealyFSM|NextState:NextState_inst0|lpm_mux:Mux1|mux_joc:auto_generated|_~49             ; |MealyFSM|NextState:NextState_inst0|lpm_mux:Mux1|mux_joc:auto_generated|_~49             ; out0             ;
; |MealyFSM|NextState:NextState_inst0|lpm_mux:Mux1|mux_joc:auto_generated|_~51             ; |MealyFSM|NextState:NextState_inst0|lpm_mux:Mux1|mux_joc:auto_generated|_~51             ; out0             ;
; |MealyFSM|NextState:NextState_inst0|lpm_mux:Mux1|mux_joc:auto_generated|_~58             ; |MealyFSM|NextState:NextState_inst0|lpm_mux:Mux1|mux_joc:auto_generated|_~58             ; out0             ;
; |MealyFSM|NextState:NextState_inst0|lpm_mux:Mux1|mux_joc:auto_generated|_~60             ; |MealyFSM|NextState:NextState_inst0|lpm_mux:Mux1|mux_joc:auto_generated|_~60             ; out0             ;
; |MealyFSM|NextState:NextState_inst0|lpm_mux:Mux1|mux_joc:auto_generated|_~66             ; |MealyFSM|NextState:NextState_inst0|lpm_mux:Mux1|mux_joc:auto_generated|_~66             ; out0             ;
; |MealyFSM|NextState:NextState_inst0|lpm_mux:Mux1|mux_joc:auto_generated|result_node[0]~0 ; |MealyFSM|NextState:NextState_inst0|lpm_mux:Mux1|mux_joc:auto_generated|result_node[0]~0 ; out0             ;
; |MealyFSM|NextState:NextState_inst0|lpm_mux:Mux1|mux_joc:auto_generated|_~74             ; |MealyFSM|NextState:NextState_inst0|lpm_mux:Mux1|mux_joc:auto_generated|_~74             ; out0             ;
; |MealyFSM|NextState:NextState_inst0|lpm_mux:Mux1|mux_joc:auto_generated|_~76             ; |MealyFSM|NextState:NextState_inst0|lpm_mux:Mux1|mux_joc:auto_generated|_~76             ; out0             ;
; |MealyFSM|NextState:NextState_inst0|lpm_mux:Mux1|mux_joc:auto_generated|_~83             ; |MealyFSM|NextState:NextState_inst0|lpm_mux:Mux1|mux_joc:auto_generated|_~83             ; out0             ;
; |MealyFSM|NextState:NextState_inst0|lpm_mux:Mux1|mux_joc:auto_generated|_~85             ; |MealyFSM|NextState:NextState_inst0|lpm_mux:Mux1|mux_joc:auto_generated|_~85             ; out0             ;
; |MealyFSM|NextState:NextState_inst0|lpm_mux:Mux1|mux_joc:auto_generated|_~91             ; |MealyFSM|NextState:NextState_inst0|lpm_mux:Mux1|mux_joc:auto_generated|_~91             ; out0             ;
; |MealyFSM|NextState:NextState_inst0|lpm_mux:Mux1|mux_joc:auto_generated|_~95             ; |MealyFSM|NextState:NextState_inst0|lpm_mux:Mux1|mux_joc:auto_generated|_~95             ; out0             ;
; |MealyFSM|NextState:NextState_inst0|lpm_mux:Mux1|mux_joc:auto_generated|_~99             ; |MealyFSM|NextState:NextState_inst0|lpm_mux:Mux1|mux_joc:auto_generated|_~99             ; out0             ;
; |MealyFSM|NextState:NextState_inst0|lpm_mux:Mux1|mux_joc:auto_generated|_~101            ; |MealyFSM|NextState:NextState_inst0|lpm_mux:Mux1|mux_joc:auto_generated|_~101            ; out0             ;
; |MealyFSM|NextState:NextState_inst0|lpm_mux:Mux1|mux_joc:auto_generated|_~108            ; |MealyFSM|NextState:NextState_inst0|lpm_mux:Mux1|mux_joc:auto_generated|_~108            ; out0             ;
; |MealyFSM|NextState:NextState_inst0|lpm_mux:Mux1|mux_joc:auto_generated|_~110            ; |MealyFSM|NextState:NextState_inst0|lpm_mux:Mux1|mux_joc:auto_generated|_~110            ; out0             ;
; |MealyFSM|NextState:NextState_inst0|lpm_mux:Mux1|mux_joc:auto_generated|_~116            ; |MealyFSM|NextState:NextState_inst0|lpm_mux:Mux1|mux_joc:auto_generated|_~116            ; out0             ;
; |MealyFSM|NextState:NextState_inst0|lpm_mux:Mux1|mux_joc:auto_generated|_~121            ; |MealyFSM|NextState:NextState_inst0|lpm_mux:Mux1|mux_joc:auto_generated|_~121            ; out0             ;
; |MealyFSM|NextState:NextState_inst0|lpm_mux:Mux1|mux_joc:auto_generated|_~123            ; |MealyFSM|NextState:NextState_inst0|lpm_mux:Mux1|mux_joc:auto_generated|_~123            ; out0             ;
; |MealyFSM|NextState:NextState_inst0|lpm_mux:Mux1|mux_joc:auto_generated|_~125            ; |MealyFSM|NextState:NextState_inst0|lpm_mux:Mux1|mux_joc:auto_generated|_~125            ; out0             ;
; |MealyFSM|NextState:NextState_inst0|lpm_mux:Mux1|mux_joc:auto_generated|_~130            ; |MealyFSM|NextState:NextState_inst0|lpm_mux:Mux1|mux_joc:auto_generated|_~130            ; out0             ;
; |MealyFSM|NextState:NextState_inst0|lpm_mux:Mux1|mux_joc:auto_generated|_~132            ; |MealyFSM|NextState:NextState_inst0|lpm_mux:Mux1|mux_joc:auto_generated|_~132            ; out0             ;
; |MealyFSM|NextState:NextState_inst0|lpm_mux:Mux1|mux_joc:auto_generated|_~134            ; |MealyFSM|NextState:NextState_inst0|lpm_mux:Mux1|mux_joc:auto_generated|_~134            ; out0             ;
; |MealyFSM|NextState:NextState_inst0|lpm_mux:Mux1|mux_joc:auto_generated|_~140            ; |MealyFSM|NextState:NextState_inst0|lpm_mux:Mux1|mux_joc:auto_generated|_~140            ; out0             ;
; |MealyFSM|NextState:NextState_inst0|lpm_mux:Mux1|mux_joc:auto_generated|_~141            ; |MealyFSM|NextState:NextState_inst0|lpm_mux:Mux1|mux_joc:auto_generated|_~141            ; out0             ;
; |MealyFSM|NextState:NextState_inst0|lpm_mux:Mux1|mux_joc:auto_generated|_~142            ; |MealyFSM|NextState:NextState_inst0|lpm_mux:Mux1|mux_joc:auto_generated|_~142            ; out0             ;
; |MealyFSM|NextState:NextState_inst0|lpm_mux:Mux1|mux_joc:auto_generated|_~143            ; |MealyFSM|NextState:NextState_inst0|lpm_mux:Mux1|mux_joc:auto_generated|_~143            ; out0             ;
; |MealyFSM|NextState:NextState_inst0|lpm_mux:Mux0|mux_joc:auto_generated|_~0              ; |MealyFSM|NextState:NextState_inst0|lpm_mux:Mux0|mux_joc:auto_generated|_~0              ; out0             ;
; |MealyFSM|NextState:NextState_inst0|lpm_mux:Mux0|mux_joc:auto_generated|_~2              ; |MealyFSM|NextState:NextState_inst0|lpm_mux:Mux0|mux_joc:auto_generated|_~2              ; out0             ;
; |MealyFSM|NextState:NextState_inst0|lpm_mux:Mux0|mux_joc:auto_generated|_~4              ; |MealyFSM|NextState:NextState_inst0|lpm_mux:Mux0|mux_joc:auto_generated|_~4              ; out0             ;
; |MealyFSM|NextState:NextState_inst0|lpm_mux:Mux0|mux_joc:auto_generated|_~9              ; |MealyFSM|NextState:NextState_inst0|lpm_mux:Mux0|mux_joc:auto_generated|_~9              ; out0             ;
; |MealyFSM|NextState:NextState_inst0|lpm_mux:Mux0|mux_joc:auto_generated|_~11             ; |MealyFSM|NextState:NextState_inst0|lpm_mux:Mux0|mux_joc:auto_generated|_~11             ; out0             ;
; |MealyFSM|NextState:NextState_inst0|lpm_mux:Mux0|mux_joc:auto_generated|_~13             ; |MealyFSM|NextState:NextState_inst0|lpm_mux:Mux0|mux_joc:auto_generated|_~13             ; out0             ;
; |MealyFSM|NextState:NextState_inst0|lpm_mux:Mux0|mux_joc:auto_generated|_~19             ; |MealyFSM|NextState:NextState_inst0|lpm_mux:Mux0|mux_joc:auto_generated|_~19             ; out0             ;
; |MealyFSM|NextState:NextState_inst0|lpm_mux:Mux0|mux_joc:auto_generated|_~20             ; |MealyFSM|NextState:NextState_inst0|lpm_mux:Mux0|mux_joc:auto_generated|_~20             ; out0             ;
; |MealyFSM|NextState:NextState_inst0|lpm_mux:Mux0|mux_joc:auto_generated|_~21             ; |MealyFSM|NextState:NextState_inst0|lpm_mux:Mux0|mux_joc:auto_generated|_~21             ; out0             ;
; |MealyFSM|NextState:NextState_inst0|lpm_mux:Mux0|mux_joc:auto_generated|_~22             ; |MealyFSM|NextState:NextState_inst0|lpm_mux:Mux0|mux_joc:auto_generated|_~22             ; out0             ;
; |MealyFSM|NextState:NextState_inst0|lpm_mux:Mux0|mux_joc:auto_generated|_~24             ; |MealyFSM|NextState:NextState_inst0|lpm_mux:Mux0|mux_joc:auto_generated|_~24             ; out0             ;
; |MealyFSM|NextState:NextState_inst0|lpm_mux:Mux0|mux_joc:auto_generated|_~26             ; |MealyFSM|NextState:NextState_inst0|lpm_mux:Mux0|mux_joc:auto_generated|_~26             ; out0             ;
; |MealyFSM|NextState:NextState_inst0|lpm_mux:Mux0|mux_joc:auto_generated|_~31             ; |MealyFSM|NextState:NextState_inst0|lpm_mux:Mux0|mux_joc:auto_generated|_~31             ; out0             ;
; |MealyFSM|NextState:NextState_inst0|lpm_mux:Mux0|mux_joc:auto_generated|_~33             ; |MealyFSM|NextState:NextState_inst0|lpm_mux:Mux0|mux_joc:auto_generated|_~33             ; out0             ;
; |MealyFSM|NextState:NextState_inst0|lpm_mux:Mux0|mux_joc:auto_generated|_~35             ; |MealyFSM|NextState:NextState_inst0|lpm_mux:Mux0|mux_joc:auto_generated|_~35             ; out0             ;
; |MealyFSM|NextState:NextState_inst0|lpm_mux:Mux0|mux_joc:auto_generated|_~45             ; |MealyFSM|NextState:NextState_inst0|lpm_mux:Mux0|mux_joc:auto_generated|_~45             ; out0             ;
; |MealyFSM|NextState:NextState_inst0|lpm_mux:Mux0|mux_joc:auto_generated|_~49             ; |MealyFSM|NextState:NextState_inst0|lpm_mux:Mux0|mux_joc:auto_generated|_~49             ; out0             ;
; |MealyFSM|NextState:NextState_inst0|lpm_mux:Mux0|mux_joc:auto_generated|_~51             ; |MealyFSM|NextState:NextState_inst0|lpm_mux:Mux0|mux_joc:auto_generated|_~51             ; out0             ;
; |MealyFSM|NextState:NextState_inst0|lpm_mux:Mux0|mux_joc:auto_generated|_~58             ; |MealyFSM|NextState:NextState_inst0|lpm_mux:Mux0|mux_joc:auto_generated|_~58             ; out0             ;
; |MealyFSM|NextState:NextState_inst0|lpm_mux:Mux0|mux_joc:auto_generated|_~60             ; |MealyFSM|NextState:NextState_inst0|lpm_mux:Mux0|mux_joc:auto_generated|_~60             ; out0             ;
; |MealyFSM|NextState:NextState_inst0|lpm_mux:Mux0|mux_joc:auto_generated|_~66             ; |MealyFSM|NextState:NextState_inst0|lpm_mux:Mux0|mux_joc:auto_generated|_~66             ; out0             ;
; |MealyFSM|NextState:NextState_inst0|lpm_mux:Mux0|mux_joc:auto_generated|result_node[0]~0 ; |MealyFSM|NextState:NextState_inst0|lpm_mux:Mux0|mux_joc:auto_generated|result_node[0]~0 ; out0             ;
; |MealyFSM|NextState:NextState_inst0|lpm_mux:Mux0|mux_joc:auto_generated|_~72             ; |MealyFSM|NextState:NextState_inst0|lpm_mux:Mux0|mux_joc:auto_generated|_~72             ; out0             ;
; |MealyFSM|NextState:NextState_inst0|lpm_mux:Mux0|mux_joc:auto_generated|_~74             ; |MealyFSM|NextState:NextState_inst0|lpm_mux:Mux0|mux_joc:auto_generated|_~74             ; out0             ;
; |MealyFSM|NextState:NextState_inst0|lpm_mux:Mux0|mux_joc:auto_generated|_~76             ; |MealyFSM|NextState:NextState_inst0|lpm_mux:Mux0|mux_joc:auto_generated|_~76             ; out0             ;
; |MealyFSM|NextState:NextState_inst0|lpm_mux:Mux0|mux_joc:auto_generated|_~81             ; |MealyFSM|NextState:NextState_inst0|lpm_mux:Mux0|mux_joc:auto_generated|_~81             ; out0             ;
; |MealyFSM|NextState:NextState_inst0|lpm_mux:Mux0|mux_joc:auto_generated|_~83             ; |MealyFSM|NextState:NextState_inst0|lpm_mux:Mux0|mux_joc:auto_generated|_~83             ; out0             ;
; |MealyFSM|NextState:NextState_inst0|lpm_mux:Mux0|mux_joc:auto_generated|_~85             ; |MealyFSM|NextState:NextState_inst0|lpm_mux:Mux0|mux_joc:auto_generated|_~85             ; out0             ;
; |MealyFSM|NextState:NextState_inst0|lpm_mux:Mux0|mux_joc:auto_generated|_~95             ; |MealyFSM|NextState:NextState_inst0|lpm_mux:Mux0|mux_joc:auto_generated|_~95             ; out0             ;
; |MealyFSM|NextState:NextState_inst0|lpm_mux:Mux0|mux_joc:auto_generated|_~99             ; |MealyFSM|NextState:NextState_inst0|lpm_mux:Mux0|mux_joc:auto_generated|_~99             ; out0             ;
; |MealyFSM|NextState:NextState_inst0|lpm_mux:Mux0|mux_joc:auto_generated|_~101            ; |MealyFSM|NextState:NextState_inst0|lpm_mux:Mux0|mux_joc:auto_generated|_~101            ; out0             ;
; |MealyFSM|NextState:NextState_inst0|lpm_mux:Mux0|mux_joc:auto_generated|_~108            ; |MealyFSM|NextState:NextState_inst0|lpm_mux:Mux0|mux_joc:auto_generated|_~108            ; out0             ;
; |MealyFSM|NextState:NextState_inst0|lpm_mux:Mux0|mux_joc:auto_generated|_~110            ; |MealyFSM|NextState:NextState_inst0|lpm_mux:Mux0|mux_joc:auto_generated|_~110            ; out0             ;
; |MealyFSM|NextState:NextState_inst0|lpm_mux:Mux0|mux_joc:auto_generated|_~116            ; |MealyFSM|NextState:NextState_inst0|lpm_mux:Mux0|mux_joc:auto_generated|_~116            ; out0             ;
; |MealyFSM|NextState:NextState_inst0|lpm_mux:Mux0|mux_joc:auto_generated|_~121            ; |MealyFSM|NextState:NextState_inst0|lpm_mux:Mux0|mux_joc:auto_generated|_~121            ; out0             ;
; |MealyFSM|NextState:NextState_inst0|lpm_mux:Mux0|mux_joc:auto_generated|_~123            ; |MealyFSM|NextState:NextState_inst0|lpm_mux:Mux0|mux_joc:auto_generated|_~123            ; out0             ;
; |MealyFSM|NextState:NextState_inst0|lpm_mux:Mux0|mux_joc:auto_generated|_~125            ; |MealyFSM|NextState:NextState_inst0|lpm_mux:Mux0|mux_joc:auto_generated|_~125            ; out0             ;
; |MealyFSM|NextState:NextState_inst0|lpm_mux:Mux0|mux_joc:auto_generated|_~130            ; |MealyFSM|NextState:NextState_inst0|lpm_mux:Mux0|mux_joc:auto_generated|_~130            ; out0             ;
; |MealyFSM|NextState:NextState_inst0|lpm_mux:Mux0|mux_joc:auto_generated|_~132            ; |MealyFSM|NextState:NextState_inst0|lpm_mux:Mux0|mux_joc:auto_generated|_~132            ; out0             ;
; |MealyFSM|NextState:NextState_inst0|lpm_mux:Mux0|mux_joc:auto_generated|_~134            ; |MealyFSM|NextState:NextState_inst0|lpm_mux:Mux0|mux_joc:auto_generated|_~134            ; out0             ;
; |MealyFSM|NextState:NextState_inst0|lpm_mux:Mux0|mux_joc:auto_generated|_~140            ; |MealyFSM|NextState:NextState_inst0|lpm_mux:Mux0|mux_joc:auto_generated|_~140            ; out0             ;
; |MealyFSM|NextState:NextState_inst0|lpm_mux:Mux0|mux_joc:auto_generated|_~141            ; |MealyFSM|NextState:NextState_inst0|lpm_mux:Mux0|mux_joc:auto_generated|_~141            ; out0             ;
; |MealyFSM|NextState:NextState_inst0|lpm_mux:Mux0|mux_joc:auto_generated|_~142            ; |MealyFSM|NextState:NextState_inst0|lpm_mux:Mux0|mux_joc:auto_generated|_~142            ; out0             ;
; |MealyFSM|NextState:NextState_inst0|lpm_mux:Mux0|mux_joc:auto_generated|_~143            ; |MealyFSM|NextState:NextState_inst0|lpm_mux:Mux0|mux_joc:auto_generated|_~143            ; out0             ;
+------------------------------------------------------------------------------------------+------------------------------------------------------------------------------------------+------------------+


+---------------------+
; Simulator INI Usage ;
+--------+------------+
; Option ; Usage      ;
+--------+------------+


+--------------------+
; Simulator Messages ;
+--------------------+
Info: *******************************************************************
Info: Running Quartus II 64-Bit Simulator
    Info: Version 13.0.1 Build 232 06/12/2013 Service Pack 1 SJ Web Edition
    Info: Processing started: Fri Oct 09 13:19:06 2020
Info: Command: quartus_sim --simulation_results_format=VWF MealyFSM -c MealyFSM
Info (324025): Using vector source file "F:/VerilogHDL/Lab2/Mealy/Waveform1.vwf"
Info (310003): Option to preserve fewer signal transitions to reduce memory requirements is enabled
    Info (310004): Simulation has been partitioned into sub-simulations according to the maximum transition count determined by the engine. Transitions from memory will be flushed out to disk at the end of each sub-simulation to reduce memory requirements.
Info (310002): Simulation partitioned into 1 sub-simulations
Info (328053): Simulation coverage is      71.84 %
Info (328052): Number of transitions in simulation is 2726
Info (324045): Vector file MealyFSM.sim.vwf is saved in VWF text format. You can compress it into CVWF format in order to reduce file size. For more details please refer to the Quartus II Help.
Info: Quartus II 64-Bit Simulator was successful. 0 errors, 0 warnings
    Info: Peak virtual memory: 4449 megabytes
    Info: Processing ended: Fri Oct 09 13:19:07 2020
    Info: Elapsed time: 00:00:01
    Info: Total CPU time (on all processors): 00:00:01


